Archive member included to satisfy reference by file (symbol)

C:/ST/STM32CubeIDE_1.12.0/STM32CubeIDE/plugins/com.st.stm32cube.ide.mcu.externaltools.gnu-tools-for-stm32.11.3.rel1.win32_1.1.1.202309131626/tools/bin/../lib/gcc/arm-none-eabi/11.3.1/../../../../arm-none-eabi/lib/thumb/v7e-m+fp/hard\libc_nano.a(libc_a-exit.o)
                              C:/ST/STM32CubeIDE_1.12.0/STM32CubeIDE/plugins/com.st.stm32cube.ide.mcu.externaltools.gnu-tools-for-stm32.11.3.rel1.win32_1.1.1.202309131626/tools/bin/../lib/gcc/arm-none-eabi/11.3.1/../../../../arm-none-eabi/lib/thumb/v7e-m+fp/hard/crt0.o (exit)
C:/ST/STM32CubeIDE_1.12.0/STM32CubeIDE/plugins/com.st.stm32cube.ide.mcu.externaltools.gnu-tools-for-stm32.11.3.rel1.win32_1.1.1.202309131626/tools/bin/../lib/gcc/arm-none-eabi/11.3.1/../../../../arm-none-eabi/lib/thumb/v7e-m+fp/hard\libc_nano.a(libc_a-findfp.o)
                              C:/ST/STM32CubeIDE_1.12.0/STM32CubeIDE/plugins/com.st.stm32cube.ide.mcu.externaltools.gnu-tools-for-stm32.11.3.rel1.win32_1.1.1.202309131626/tools/bin/../lib/gcc/arm-none-eabi/11.3.1/../../../../arm-none-eabi/lib/thumb/v7e-m+fp/hard\libc_nano.a(libc_a-exit.o) (__stdio_exit_handler)
C:/ST/STM32CubeIDE_1.12.0/STM32CubeIDE/plugins/com.st.stm32cube.ide.mcu.externaltools.gnu-tools-for-stm32.11.3.rel1.win32_1.1.1.202309131626/tools/bin/../lib/gcc/arm-none-eabi/11.3.1/../../../../arm-none-eabi/lib/thumb/v7e-m+fp/hard\libc_nano.a(libc_a-fwalk.o)
                              C:/ST/STM32CubeIDE_1.12.0/STM32CubeIDE/plugins/com.st.stm32cube.ide.mcu.externaltools.gnu-tools-for-stm32.11.3.rel1.win32_1.1.1.202309131626/tools/bin/../lib/gcc/arm-none-eabi/11.3.1/../../../../arm-none-eabi/lib/thumb/v7e-m+fp/hard\libc_nano.a(libc_a-findfp.o) (_fwalk_sglue)
C:/ST/STM32CubeIDE_1.12.0/STM32CubeIDE/plugins/com.st.stm32cube.ide.mcu.externaltools.gnu-tools-for-stm32.11.3.rel1.win32_1.1.1.202309131626/tools/bin/../lib/gcc/arm-none-eabi/11.3.1/../../../../arm-none-eabi/lib/thumb/v7e-m+fp/hard\libc_nano.a(libc_a-stdio.o)
                              C:/ST/STM32CubeIDE_1.12.0/STM32CubeIDE/plugins/com.st.stm32cube.ide.mcu.externaltools.gnu-tools-for-stm32.11.3.rel1.win32_1.1.1.202309131626/tools/bin/../lib/gcc/arm-none-eabi/11.3.1/../../../../arm-none-eabi/lib/thumb/v7e-m+fp/hard\libc_nano.a(libc_a-findfp.o) (__sread)
C:/ST/STM32CubeIDE_1.12.0/STM32CubeIDE/plugins/com.st.stm32cube.ide.mcu.externaltools.gnu-tools-for-stm32.11.3.rel1.win32_1.1.1.202309131626/tools/bin/../lib/gcc/arm-none-eabi/11.3.1/../../../../arm-none-eabi/lib/thumb/v7e-m+fp/hard\libc_nano.a(libc_a-memset.o)
                              C:/ST/STM32CubeIDE_1.12.0/STM32CubeIDE/plugins/com.st.stm32cube.ide.mcu.externaltools.gnu-tools-for-stm32.11.3.rel1.win32_1.1.1.202309131626/tools/bin/../lib/gcc/arm-none-eabi/11.3.1/../../../../arm-none-eabi/lib/thumb/v7e-m+fp/hard/crt0.o (memset)
C:/ST/STM32CubeIDE_1.12.0/STM32CubeIDE/plugins/com.st.stm32cube.ide.mcu.externaltools.gnu-tools-for-stm32.11.3.rel1.win32_1.1.1.202309131626/tools/bin/../lib/gcc/arm-none-eabi/11.3.1/../../../../arm-none-eabi/lib/thumb/v7e-m+fp/hard\libc_nano.a(libc_a-closer.o)
                              C:/ST/STM32CubeIDE_1.12.0/STM32CubeIDE/plugins/com.st.stm32cube.ide.mcu.externaltools.gnu-tools-for-stm32.11.3.rel1.win32_1.1.1.202309131626/tools/bin/../lib/gcc/arm-none-eabi/11.3.1/../../../../arm-none-eabi/lib/thumb/v7e-m+fp/hard\libc_nano.a(libc_a-stdio.o) (_close_r)
C:/ST/STM32CubeIDE_1.12.0/STM32CubeIDE/plugins/com.st.stm32cube.ide.mcu.externaltools.gnu-tools-for-stm32.11.3.rel1.win32_1.1.1.202309131626/tools/bin/../lib/gcc/arm-none-eabi/11.3.1/../../../../arm-none-eabi/lib/thumb/v7e-m+fp/hard\libc_nano.a(libc_a-reent.o)
                              C:/ST/STM32CubeIDE_1.12.0/STM32CubeIDE/plugins/com.st.stm32cube.ide.mcu.externaltools.gnu-tools-for-stm32.11.3.rel1.win32_1.1.1.202309131626/tools/bin/../lib/gcc/arm-none-eabi/11.3.1/../../../../arm-none-eabi/lib/thumb/v7e-m+fp/hard\libc_nano.a(libc_a-closer.o) (errno)
C:/ST/STM32CubeIDE_1.12.0/STM32CubeIDE/plugins/com.st.stm32cube.ide.mcu.externaltools.gnu-tools-for-stm32.11.3.rel1.win32_1.1.1.202309131626/tools/bin/../lib/gcc/arm-none-eabi/11.3.1/../../../../arm-none-eabi/lib/thumb/v7e-m+fp/hard\libc_nano.a(libc_a-impure.o)
                              C:/ST/STM32CubeIDE_1.12.0/STM32CubeIDE/plugins/com.st.stm32cube.ide.mcu.externaltools.gnu-tools-for-stm32.11.3.rel1.win32_1.1.1.202309131626/tools/bin/../lib/gcc/arm-none-eabi/11.3.1/../../../../arm-none-eabi/lib/thumb/v7e-m+fp/hard\libc_nano.a(libc_a-reent.o) (_impure_ptr)
C:/ST/STM32CubeIDE_1.12.0/STM32CubeIDE/plugins/com.st.stm32cube.ide.mcu.externaltools.gnu-tools-for-stm32.11.3.rel1.win32_1.1.1.202309131626/tools/bin/../lib/gcc/arm-none-eabi/11.3.1/../../../../arm-none-eabi/lib/thumb/v7e-m+fp/hard\libc_nano.a(libc_a-lseekr.o)
[...]
Memory Configuration

Name             Origin             Length             Attributes
RAM              0x0000000020000000 0x0000000000020000 xrw
FLASH            0x0000000008000000 0x0000000000080000 xr
*default*        0x0000000000000000 0xffffffffffffffff

Linker script and memory map

LOAD C:/ST/STM32CubeIDE_1.12.0/STM32CubeIDE/plugins/com.st.stm32cube.ide.mcu.externaltools.gnu-tools-for-stm32.11.3.rel1.win32_1.1.1.202309131626/tools/bin/../lib/gcc/arm-none-eabi/11.3.1/thumb/v7e-m+fp/hard/crti.o
LOAD C:/ST/STM32CubeIDE_1.12.0/STM32CubeIDE/plugins/com.st.stm32cube.ide.mcu.externaltools.gnu-tools-for-stm32.11.3.rel1.win32_1.1.1.202309131626/tools/bin/../lib/gcc/arm-none-eabi/11.3.1/thumb/v7e-m+fp/hard/crtbegin.o
LOAD C:/ST/STM32CubeIDE_1.12.0/STM32CubeIDE/plugins/com.st.stm32cube.ide.mcu.externaltools.gnu-tools-for-stm32.11.3.rel1.win32_1.1.1.202309131626/tools/bin/../lib/gcc/arm-none-eabi/11.3.1/../../../../arm-none-eabi/lib/thumb/v7e-m+fp/hard/crt0.o
LOAD ./BlueNRG-2/Target/hci_tl_interface.o
LOAD ./Core/Src/gpio.o
LOAD ./Core/Src/main.o
LOAD ./Core/Src/stm32f4xx_hal_msp.o
LOAD ./Core/Src/stm32f4xx_it.o
LOAD ./Core/Src/stm32f4xx_nucleo_bus.o
LOAD ./Core/Src/syscalls.o
LOAD ./Core/Src/sysmem.o
LOAD ./Core/Src/system_stm32f4xx.o
LOAD ./Core/Src/usart.o
LOAD ./Core/Startup/startup_stm32f411retx.o
LOAD ./Drivers/STM32F4xx_HAL_Driver/Src/stm32f4xx_hal.o
LOAD ./Drivers/STM32F4xx_HAL_Driver/Src/stm32f4xx_hal_cortex.o
LOAD ./Drivers/STM32F4xx_HAL_Driver/Src/stm32f4xx_hal_dma.o
LOAD ./Drivers/STM32F4xx_HAL_Driver/Src/stm32f4xx_hal_dma_ex.o
LOAD ./Drivers/STM32F4xx_HAL_Driver/Src/stm32f4xx_hal_exti.o
LOAD ./Drivers/STM32F4xx_HAL_Driver/Src/stm32f4xx_hal_flash.o
LOAD ./Drivers/STM32F4xx_HAL_Driver/Src/stm32f4xx_hal_flash_ex.o
LOAD ./Drivers/STM32F4xx_HAL_Driver/Src/stm32f4xx_hal_flash_ramfunc.o
LOAD ./Drivers/STM32F4xx_HAL_Driver/Src/stm32f4xx_hal_gpio.o
LOAD ./Drivers/STM32F4xx_HAL_Driver/Src/stm32f4xx_hal_pwr.o
LOAD ./Drivers/STM32F4xx_HAL_Driver/Src/stm32f4xx_hal_pwr_ex.o
LOAD ./Drivers/STM32F4xx_HAL_Driver/Src/stm32f4xx_hal_rcc.o
LOAD ./Drivers/STM32F4xx_HAL_Driver/Src/stm32f4xx_hal_rcc_ex.o
LOAD ./Drivers/STM32F4xx_HAL_Driver/Src/stm32f4xx_hal_spi.o
LOAD ./Drivers/STM32F4xx_HAL_Driver/Src/stm32f4xx_hal_tim.o
LOAD ./Drivers/STM32F4xx_HAL_Driver/Src/stm32f4xx_hal_tim_ex.o
LOAD ./Drivers/STM32F4xx_HAL_Driver/Src/stm32f4xx_hal_uart.o
LOAD ./Middlewares/ST/BlueNRG-2/hci/bluenrg1_devConfig.o
LOAD ./Middlewares/ST/BlueNRG-2/hci/bluenrg1_events.o
LOAD ./Middlewares/ST/BlueNRG-2/hci/bluenrg1_events_cb.o
LOAD ./Middlewares/ST/BlueNRG-2/hci/bluenrg1_hci_le.o
LOAD ./Middlewares/ST/BlueNRG-2/hci/controller/bluenrg1_gap_aci.o
LOAD ./Middlewares/ST/BlueNRG-2/hci/controller/bluenrg1_gatt_aci.o
LOAD ./Middlewares/ST/BlueNRG-2/hci/controller/bluenrg1_hal_aci.o
LOAD ./Middlewares/ST/BlueNRG-2/hci/controller/bluenrg1_l2cap_aci.o
LOAD ./Middlewares/ST/BlueNRG-2/hci/hci_tl_patterns/Basic/hci_tl.o
LOAD ./Middlewares/ST/BlueNRG-2/utils/ble_list.o
START GROUP
LOAD C:/ST/STM32CubeIDE_1.12.0/STM32CubeIDE/plugins/com.st.stm32cube.ide.mcu.externaltools.gnu-tools-for-stm32.11.3.rel1.win32_1.1.1.202309131626/tools/bin/../lib/gcc/arm-none-eabi/11.3.1/../../../../arm-none-eabi/lib/thumb/v7e-m+fp/hard\libc_nano.a
LOAD C:/ST/STM32CubeIDE_1.12.0/STM32CubeIDE/plugins/com.st.stm32cube.ide.mcu.externaltools.gnu-tools-for-stm32.11.3.rel1.win32_1.1.1.202309131626/tools/bin/../lib/gcc/arm-none-eabi/11.3.1/../../../../arm-none-eabi/lib/thumb/v7e-m+fp/hard\libm.a
END GROUP
START GROUP
LOAD C:/ST/STM32CubeIDE_1.12.0/STM32CubeIDE/plugins/com.st.stm32cube.ide.mcu.externaltools.gnu-tools-for-stm32.11.3.rel1.win32_1.1.1.202309131626/tools/bin/../lib/gcc/arm-none-eabi/11.3.1/thumb/v7e-m+fp/hard\libgcc.a
LOAD C:/ST/STM32CubeIDE_1.12.0/STM32CubeIDE/plugins/com.st.stm32cube.ide.mcu.externaltools.gnu-tools-for-stm32.11.3.rel1.win32_1.1.1.202309131626/tools/bin/../lib/gcc/arm-none-eabi/11.3.1/../../../../arm-none-eabi/lib/thumb/v7e-m+fp/hard\libc_nano.a
END GROUP
START GROUP
LOAD C:/ST/STM32CubeIDE_1.12.0/STM32CubeIDE/plugins/com.st.stm32cube.ide.mcu.externaltools.gnu-tools-for-stm32.11.3.rel1.win32_1.1.1.202309131626/tools/bin/../lib/gcc/arm-none-eabi/11.3.1/thumb/v7e-m+fp/hard\libgcc.a
LOAD C:/ST/STM32CubeIDE_1.12.0/STM32CubeIDE/plugins/com.st.stm32cube.ide.mcu.externaltools.gnu-tools-for-stm32.11.3.rel1.win32_1.1.1.202309131626/tools/bin/../lib/gcc/arm-none-eabi/11.3.1/../../../../arm-none-eabi/lib/thumb/v7e-m+fp/hard\libc_nano.a
LOAD C:/ST/STM32CubeIDE_1.12.0/STM32CubeIDE/plugins/com.st.stm32cube.ide.mcu.externaltools.gnu-tools-for-stm32.11.3.rel1.win32_1.1.1.202309131626/tools/bin/../lib/gcc/arm-none-eabi/11.3.1/../../../../arm-none-eabi/lib/thumb/v7e-m+fp/hard\libnosys.a
END GROUP
START GROUP
LOAD C:/ST/STM32CubeIDE_1.12.0/STM32CubeIDE/plugins/com.st.stm32cube.ide.mcu.externaltools.gnu-tools-for-stm32.11.3.rel1.win32_1.1.1.202309131626/tools/bin/../lib/gcc/arm-none-eabi/11.3.1/thumb/v7e-m+fp/hard\libgcc.a
LOAD C:/ST/STM32CubeIDE_1.12.0/STM32CubeIDE/plugins/com.st.stm32cube.ide.mcu.externaltools.gnu-tools-for-stm32.11.3.rel1.win32_1.1.1.202309131626/tools/bin/../lib/gcc/arm-none-eabi/11.3.1/../../../../arm-none-eabi/lib/thumb/v7e-m+fp/hard\libc_nano.a
LOAD C:/ST/STM32CubeIDE_1.12.0/STM32CubeIDE/plugins/com.st.stm32cube.ide.mcu.externaltools.gnu-tools-for-stm32.11.3.rel1.win32_1.1.1.202309131626/tools/bin/../lib/gcc/arm-none-eabi/11.3.1/../../../../arm-none-eabi/lib/thumb/v7e-m+fp/hard\libnosys.a
END GROUP
LOAD C:/ST/STM32CubeIDE_1.12.0/STM32CubeIDE/plugins/com.st.stm32cube.ide.mcu.externaltools.gnu-tools-for-stm32.11.3.rel1.win32_1.1.1.202309131626/tools/bin/../lib/gcc/arm-none-eabi/11.3.1/thumb/v7e-m+fp/hard/crtend.o
LOAD C:/ST/STM32CubeIDE_1.12.0/STM32CubeIDE/plugins/com.st.stm32cube.ide.mcu.externaltools.gnu-tools-for-stm32.11.3.rel1.win32_1.1.1.202309131626/tools/bin/../lib/gcc/arm-none-eabi/11.3.1/thumb/v7e-m+fp/hard/crtn.o
                0x0000000020020000                _estack = (ORIGIN (RAM) + LENGTH (RAM))
                0x0000000000000200                _Min_Heap_Size = 0x200
                0x0000000000000400                _Min_Stack_Size = 0x400

.isr_vector     0x0000000008000000      0x198
                0x0000000008000000                . = ALIGN (0x4)
 *(.isr_vector)
 .isr_vector    0x0000000008000000      0x198 ./Core/Startup/startup_stm32f411retx.o
                0x0000000008000000                g_pfnVectors
                0x0000000008000198                . = ALIGN (0x4)

.text           0x0000000008000198     0x1d68
                0x0000000008000198                . = ALIGN (0x4)
 *(.text)
 .text          0x0000000008000198       0x40 C:/ST/STM32CubeIDE_1.12.0/STM32CubeIDE/plugins/com.st.stm32cube.ide.mcu.externaltools.gnu-tools-for-stm32.11.3.rel1.win32_1.1.1.202309131626/tools/bin/../lib/gcc/arm-none-eabi/11.3.1/thumb/v7e-m+fp/hard/crtbegin.o
 .text          0x00000000080001d8       0x30 C:/ST/STM32CubeIDE_1.12.0/STM32CubeIDE/plugins/com.st.stm32cube.ide.mcu.externaltools.gnu-tools-for-stm32.11.3.rel1.win32_1.1.1.202309131626/tools/bin/../lib/gcc/arm-none-eabi/11.3.1/thumb/v7e-m+fp/hard\libgcc.a(_aeabi_uldivmod.o)
                0x00000000080001d8                __aeabi_uldivmod
 .text          0x0000000008000208      0x2c8 C:/ST/STM32CubeIDE_1.12.0/STM32CubeIDE/plugins/com.st.stm32cube.ide.mcu.externaltools.gnu-tools-for-stm32.11.3.rel1.win32_1.1.1.202309131626/tools/bin/../lib/gcc/arm-none-eabi/11.3.1/thumb/v7e-m+fp/hard\libgcc.a(_udivmoddi4.o)
                0x0000000008000208                __udivmoddi4
 .text          0x00000000080004d0        0x4 C:/ST/STM32CubeIDE_1.12.0/STM32CubeIDE/plugins/com.st.stm32cube.ide.mcu.externaltools.gnu-tools-for-stm32.11.3.rel1.win32_1.1.1.202309131626/tools/bin/../lib/gcc/arm-none-eabi/11.3.1/thumb/v7e-m+fp/hard\libgcc.a(_dvmd_tls.o)
                0x00000000080004d0                __aeabi_idiv0
                0x00000000080004d0                __aeabi_ldiv0
 *(.text*)
 .text.MX_GPIO_Init
                0x00000000080004d4      0x11c ./Core/Src/gpio.o
                0x00000000080004d4                MX_GPIO_Init
 .text.main     0x00000000080005f0       0x16 ./Core/Src/main.o
                0x00000000080005f0                main
 *fill*         0x0000000008000606        0x2 
 .text.SystemClock_Config
                0x0000000008000608       0xd0 ./Core/Src/main.o
                0x0000000008000608                SystemClock_Config
 .text.Error_Handler
                0x00000000080006d8        0xa ./Core/Src/main.o
                0x00000000080006d8                Error_Handler
 *fill*         0x00000000080006e2        0x2 
 .text.HAL_MspInit
                0x00000000080006e4       0x50 ./Core/Src/stm32f4xx_hal_msp.o
                0x00000000080006e4                HAL_MspInit
 .text.NMI_Handler
                0x0000000008000734        0x6 ./Core/Src/stm32f4xx_it.o
                0x0000000008000734                NMI_Handler
 .text.HardFault_Handler
                0x000000000800073a        0x6 ./Core/Src/stm32f4xx_it.o
                0x000000000800073a                HardFault_Handler
 .text.MemManage_Handler
                0x0000000008000740        0x6 ./Core/Src/stm32f4xx_it.o
                0x0000000008000740                MemManage_Handler
 .text.BusFault_Handler
                0x0000000008000746        0x6 ./Core/Src/stm32f4xx_it.o
                0x0000000008000746                BusFault_Handler
 .text.UsageFault_Handler
                0x000000000800074c        0x6 ./Core/Src/stm32f4xx_it.o
                0x000000000800074c                UsageFault_Handler
 .text.SVC_Handler
                0x0000000008000752        0xe ./Core/Src/stm32f4xx_it.o
                0x0000000008000752                SVC_Handler
 .text.DebugMon_Handler
                0x0000000008000760        0xe ./Core/Src/stm32f4xx_it.o
                0x0000000008000760                DebugMon_Handler
 .text.PendSV_Handler
                0x000000000800076e        0xe ./Core/Src/stm32f4xx_it.o
                0x000000000800076e                PendSV_Handler
 .text.SysTick_Handler
                0x000000000800077c        0xc ./Core/Src/stm32f4xx_it.o
                0x000000000800077c                SysTick_Handler
 .text.EXTI0_IRQHandler
                0x0000000008000788       0x14 ./Core/Src/stm32f4xx_it.o
                0x0000000008000788                EXTI0_IRQHandler
 .text.EXTI15_10_IRQHandler
                0x000000000800079c       0x10 ./Core/Src/stm32f4xx_it.o
                0x000000000800079c                EXTI15_10_IRQHandler
 .text.SystemInit
                0x00000000080007ac       0x24 ./Core/Src/system_stm32f4xx.o
                0x00000000080007ac                SystemInit
 .text.MX_USART2_UART_Init
                0x00000000080007d0       0x54 ./Core/Src/usart.o
                0x00000000080007d0                MX_USART2_UART_Init
 .text.HAL_UART_MspInit
                0x0000000008000824       0x90 ./Core/Src/usart.o
                0x0000000008000824                HAL_UART_MspInit
 .text.Reset_Handler
                0x00000000080008b4       0x50 ./Core/Startup/startup_stm32f411retx.o
                0x00000000080008b4                Reset_Handler
 .text.Default_Handler
                0x0000000008000904        0x2 ./Core/Startup/startup_stm32f411retx.o
                0x0000000008000904                RTC_Alarm_IRQHandler
                0x0000000008000904                EXTI2_IRQHandler
                0x0000000008000904                SPI4_IRQHandler
                0x0000000008000904                TIM1_CC_IRQHandler
                0x0000000008000904                DMA2_Stream5_IRQHandler
                0x0000000008000904                DMA1_Stream5_IRQHandler
                0x0000000008000904                PVD_IRQHandler
                0x0000000008000904                SDIO_IRQHandler
                0x0000000008000904                TAMP_STAMP_IRQHandler
                0x0000000008000904                EXTI3_IRQHandler
                0x0000000008000904                TIM1_UP_TIM10_IRQHandler
                0x0000000008000904                I2C3_ER_IRQHandler
                0x0000000008000904                I2C2_EV_IRQHandler
                0x0000000008000904                DMA1_Stream2_IRQHandler
                0x0000000008000904                FPU_IRQHandler
                0x0000000008000904                DMA2_Stream2_IRQHandler
                0x0000000008000904                SPI1_IRQHandler
                0x0000000008000904                TIM1_BRK_TIM9_IRQHandler
                0x0000000008000904                DMA2_Stream3_IRQHandler
                0x0000000008000904                USART6_IRQHandler
                0x0000000008000904                DMA2_Stream0_IRQHandler
                0x0000000008000904                TIM4_IRQHandler
                0x0000000008000904                I2C1_EV_IRQHandler
                0x0000000008000904                DMA1_Stream6_IRQHandler
                0x0000000008000904                DMA1_Stream1_IRQHandler
                0x0000000008000904                TIM3_IRQHandler
                0x0000000008000904                RCC_IRQHandler
                0x0000000008000904                Default_Handler
                0x0000000008000904                ADC_IRQHandler
                0x0000000008000904                DMA1_Stream7_IRQHandler
                0x0000000008000904                SPI5_IRQHandler
                0x0000000008000904                TIM5_IRQHandler
                0x0000000008000904                DMA2_Stream7_IRQHandler
                0x0000000008000904                I2C3_EV_IRQHandler
                0x0000000008000904                EXTI9_5_IRQHandler
                0x0000000008000904                RTC_WKUP_IRQHandler
                0x0000000008000904                SPI2_IRQHandler
                0x0000000008000904                DMA1_Stream0_IRQHandler
                0x0000000008000904                EXTI4_IRQHandler
                0x0000000008000904                WWDG_IRQHandler
                0x0000000008000904                TIM2_IRQHandler
                0x0000000008000904                OTG_FS_WKUP_IRQHandler
                0x0000000008000904                TIM1_TRG_COM_TIM11_IRQHandler
                0x0000000008000904                EXTI1_IRQHandler
                0x0000000008000904                USART2_IRQHandler
                0x0000000008000904                I2C2_ER_IRQHandler
                0x0000000008000904                DMA2_Stream1_IRQHandler
                0x0000000008000904                FLASH_IRQHandler
                0x0000000008000904                DMA2_Stream4_IRQHandler
                0x0000000008000904                USART1_IRQHandler
                0x0000000008000904                OTG_FS_IRQHandler
                0x0000000008000904                SPI3_IRQHandler
                0x0000000008000904                DMA1_Stream4_IRQHandler
                0x0000000008000904                I2C1_ER_IRQHandler
                0x0000000008000904                DMA2_Stream6_IRQHandler
                0x0000000008000904                DMA1_Stream3_IRQHandler
 *fill*         0x0000000008000906        0x2 
 .text.HAL_Init
                0x0000000008000908       0x44 ./Drivers/STM32F4xx_HAL_Driver/Src/stm32f4xx_hal.o
                0x0000000008000908                HAL_Init
 .text.HAL_InitTick
                0x000000000800094c       0x60 ./Drivers/STM32F4xx_HAL_Driver/Src/stm32f4xx_hal.o
                0x000000000800094c                HAL_InitTick
 .text.HAL_IncTick
                0x00000000080009ac       0x28 ./Drivers/STM32F4xx_HAL_Driver/Src/stm32f4xx_hal.o
                0x00000000080009ac                HAL_IncTick
 .text.HAL_GetTick
                0x00000000080009d4       0x18 ./Drivers/STM32F4xx_HAL_Driver/Src/stm32f4xx_hal.o
                0x00000000080009d4                HAL_GetTick
 .text.__NVIC_SetPriorityGrouping
                0x00000000080009ec       0x48 ./Drivers/STM32F4xx_HAL_Driver/Src/stm32f4xx_hal_cortex.o
 .text.__NVIC_GetPriorityGrouping
                0x0000000008000a34       0x1c ./Drivers/STM32F4xx_HAL_Driver/Src/stm32f4xx_hal_cortex.o
 .text.__NVIC_EnableIRQ
                0x0000000008000a50       0x3c ./Drivers/STM32F4xx_HAL_Driver/Src/stm32f4xx_hal_cortex.o
 .text.__NVIC_SetPriority
                0x0000000008000a8c       0x54 ./Drivers/STM32F4xx_HAL_Driver/Src/stm32f4xx_hal_cortex.o
 .text.NVIC_EncodePriority
                0x0000000008000ae0       0x66 ./Drivers/STM32F4xx_HAL_Driver/Src/stm32f4xx_hal_cortex.o
 *fill*         0x0000000008000b46        0x2 
 .text.SysTick_Config
                0x0000000008000b48       0x44 ./Drivers/STM32F4xx_HAL_Driver/Src/stm32f4xx_hal_cortex.o
 .text.HAL_NVIC_SetPriorityGrouping
                0x0000000008000b8c       0x16 ./Drivers/STM32F4xx_HAL_Driver/Src/stm32f4xx_hal_cortex.o
                0x0000000008000b8c                HAL_NVIC_SetPriorityGrouping
 .text.HAL_NVIC_SetPriority
                0x0000000008000ba2       0x38 ./Drivers/STM32F4xx_HAL_Driver/Src/stm32f4xx_hal_cortex.o
                0x0000000008000ba2                HAL_NVIC_SetPriority
 .text.HAL_NVIC_EnableIRQ
                0x0000000008000bda       0x1c ./Drivers/STM32F4xx_HAL_Driver/Src/stm32f4xx_hal_cortex.o
                0x0000000008000bda                HAL_NVIC_EnableIRQ
 .text.HAL_SYSTICK_Config
                0x0000000008000bf6       0x18 ./Drivers/STM32F4xx_HAL_Driver/Src/stm32f4xx_hal_cortex.o
                0x0000000008000bf6                HAL_SYSTICK_Config
 *fill*         0x0000000008000c0e        0x2 
 .text.HAL_EXTI_IRQHandler
                0x0000000008000c10       0x48 ./Drivers/STM32F4xx_HAL_Driver/Src/stm32f4xx_hal_exti.o
                0x0000000008000c10                HAL_EXTI_IRQHandler
 .text.HAL_GPIO_Init
                0x0000000008000c58      0x308 ./Drivers/STM32F4xx_HAL_Driver/Src/stm32f4xx_hal_gpio.o
                0x0000000008000c58                HAL_GPIO_Init
 .text.HAL_GPIO_WritePin
                0x0000000008000f60       0x32 ./Drivers/STM32F4xx_HAL_Driver/Src/stm32f4xx_hal_gpio.o
                0x0000000008000f60                HAL_GPIO_WritePin
 *fill*         0x0000000008000f92        0x2 
 .text.HAL_GPIO_EXTI_IRQHandler
                0x0000000008000f94       0x30 ./Drivers/STM32F4xx_HAL_Driver/Src/stm32f4xx_hal_gpio.o
                0x0000000008000f94                HAL_GPIO_EXTI_IRQHandler
 .text.HAL_GPIO_EXTI_Callback
                0x0000000008000fc4       0x16 ./Drivers/STM32F4xx_HAL_Driver/Src/stm32f4xx_hal_gpio.o
                0x0000000008000fc4                HAL_GPIO_EXTI_Callback
 *fill*         0x0000000008000fda        0x2 
 .text.HAL_RCC_OscConfig
                0x0000000008000fdc      0x4f0 ./Drivers/STM32F4xx_HAL_Driver/Src/stm32f4xx_hal_rcc.o
                0x0000000008000fdc                HAL_RCC_OscConfig
 .text.HAL_RCC_ClockConfig
                0x00000000080014cc      0x1cc ./Drivers/STM32F4xx_HAL_Driver/Src/stm32f4xx_hal_rcc.o
                0x00000000080014cc                HAL_RCC_ClockConfig
 .text.HAL_RCC_GetSysClockFreq
                0x0000000008001698      0x20c ./Drivers/STM32F4xx_HAL_Driver/Src/stm32f4xx_hal_rcc.o
                0x0000000008001698                HAL_RCC_GetSysClockFreq
 .text.HAL_RCC_GetHCLKFreq
                0x00000000080018a4       0x18 ./Drivers/STM32F4xx_HAL_Driver/Src/stm32f4xx_hal_rcc.o
                0x00000000080018a4                HAL_RCC_GetHCLKFreq
 .text.HAL_RCC_GetPCLK1Freq
                0x00000000080018bc       0x28 ./Drivers/STM32F4xx_HAL_Driver/Src/stm32f4xx_hal_rcc.o
                0x00000000080018bc                HAL_RCC_GetPCLK1Freq
 .text.HAL_RCC_GetPCLK2Freq
                0x00000000080018e4       0x28 ./Drivers/STM32F4xx_HAL_Driver/Src/stm32f4xx_hal_rcc.o
                0x00000000080018e4                HAL_RCC_GetPCLK2Freq
 .text.HAL_UART_Init
                0x000000000800190c       0x9a ./Drivers/STM32F4xx_HAL_Driver/Src/stm32f4xx_hal_uart.o
                0x000000000800190c                HAL_UART_Init
 *fill*         0x00000000080019a6        0x2 
 .text.UART_SetConfig
                0x00000000080019a8      0x4e8 ./Drivers/STM32F4xx_HAL_Driver/Src/stm32f4xx_hal_uart.o
 .text.memset   0x0000000008001e90       0x10 C:/ST/STM32CubeIDE_1.12.0/STM32CubeIDE/plugins/com.st.stm32cube.ide.mcu.externaltools.gnu-tools-for-stm32.11.3.rel1.win32_1.1.1.202309131626/tools/bin/../lib/gcc/arm-none-eabi/11.3.1/../../../../arm-none-eabi/lib/thumb/v7e-m+fp/hard\libc_nano.a(libc_a-memset.o)
                0x0000000008001e90                memset
 .text.__libc_init_array
                0x0000000008001ea0       0x48 C:/ST/STM32CubeIDE_1.12.0/STM32CubeIDE/plugins/com.st.stm32cube.ide.mcu.externaltools.gnu-tools-for-stm32.11.3.rel1.win32_1.1.1.202309131626/tools/bin/../lib/gcc/arm-none-eabi/11.3.1/../../../../arm-none-eabi/lib/thumb/v7e-m+fp/hard\libc_nano.a(libc_a-init.o)
                0x0000000008001ea0                __libc_init_array
 *(.glue_7)
 .glue_7        0x0000000008001ee8        0x0 linker stubs
 *(.glue_7t)
 .glue_7t       0x0000000008001ee8        0x0 linker stubs
 *(.eh_frame)
 .eh_frame      0x0000000008001ee8        0x0 C:/ST/STM32CubeIDE_1.12.0/STM32CubeIDE/plugins/com.st.stm32cube.ide.mcu.externaltools.gnu-tools-for-stm32.11.3.rel1.win32_1.1.1.202309131626/tools/bin/../lib/gcc/arm-none-eabi/11.3.1/thumb/v7e-m+fp/hard/crtbegin.o
 *(.init)
 .init          0x0000000008001ee8        0x4 C:/ST/STM32CubeIDE_1.12.0/STM32CubeIDE/plugins/com.st.stm32cube.ide.mcu.externaltools.gnu-tools-for-stm32.11.3.rel1.win32_1.1.1.202309131626/tools/bin/../lib/gcc/arm-none-eabi/11.3.1/thumb/v7e-m+fp/hard/crti.o
                0x0000000008001ee8                _init
 .init          0x0000000008001eec        0x8 C:/ST/STM32CubeIDE_1.12.0/STM32CubeIDE/plugins/com.st.stm32cube.ide.mcu.externaltools.gnu-tools-for-stm32.11.3.rel1.win32_1.1.1.202309131626/tools/bin/../lib/gcc/arm-none-eabi/11.3.1/thumb/v7e-m+fp/hard/crtn.o
 *(.fini)
 .fini          0x0000000008001ef4        0x4 C:/ST/STM32CubeIDE_1.12.0/STM32CubeIDE/plugins/com.st.stm32cube.ide.mcu.externaltools.gnu-tools-for-stm32.11.3.rel1.win32_1.1.1.202309131626/tools/bin/../lib/gcc/arm-none-eabi/11.3.1/thumb/v7e-m+fp/hard/crti.o
                0x0000000008001ef4                _fini
 .fini          0x0000000008001ef8        0x8 C:/ST/STM32CubeIDE_1.12.0/STM32CubeIDE/plugins/com.st.stm32cube.ide.mcu.externaltools.gnu-tools-for-stm32.11.3.rel1.win32_1.1.1.202309131626/tools/bin/../lib/gcc/arm-none-eabi/11.3.1/thumb/v7e-m+fp/hard/crtn.o
                0x0000000008001f00                . = ALIGN (0x4)
                0x0000000008001f00                _etext = .

.vfp11_veneer   0x0000000008001f00        0x0
 .vfp11_veneer  0x0000000008001f00        0x0 linker stubs

.v4_bx          0x0000000008001f00        0x0
 .v4_bx         0x0000000008001f00        0x0 linker stubs

.iplt           0x0000000008001f00        0x0
 .iplt          0x0000000008001f00        0x0 C:/ST/STM32CubeIDE_1.12.0/STM32CubeIDE/plugins/com.st.stm32cube.ide.mcu.externaltools.gnu-tools-for-stm32.11.3.rel1.win32_1.1.1.202309131626/tools/bin/../lib/gcc/arm-none-eabi/11.3.1/thumb/v7e-m+fp/hard/crtbegin.o

.rodata         0x0000000008001f00       0x18
                0x0000000008001f00                . = ALIGN (0x4)
 *(.rodata)
 *(.rodata*)
 .rodata.AHBPrescTable
                0x0000000008001f00       0x10 ./Core/Src/system_stm32f4xx.o
                0x0000000008001f00                AHBPrescTable
 .rodata.APBPrescTable
                0x0000000008001f10        0x8 ./Core/Src/system_stm32f4xx.o
                0x0000000008001f10                APBPrescTable
                0x0000000008001f18                . = ALIGN (0x4)

.ARM.extab      0x0000000008001f18        0x0
                0x0000000008001f18                . = ALIGN (0x4)
 *(.ARM.extab* .gnu.linkonce.armextab.*)
                0x0000000008001f18                . = ALIGN (0x4)

.ARM            0x0000000008001f18        0x8
                0x0000000008001f18                . = ALIGN (0x4)
                0x0000000008001f18                __exidx_start = .
 *(.ARM.exidx*)
 .ARM.exidx     0x0000000008001f18        0x8 C:/ST/STM32CubeIDE_1.12.0/STM32CubeIDE/plugins/com.st.stm32cube.ide.mcu.externaltools.gnu-tools-for-stm32.11.3.rel1.win32_1.1.1.202309131626/tools/bin/../lib/gcc/arm-none-eabi/11.3.1/thumb/v7e-m+fp/hard\libgcc.a(_udivmoddi4.o)
                0x0000000008001f20                __exidx_end = .
                0x0000000008001f20                . = ALIGN (0x4)

.rel.dyn        0x0000000008001f20        0x0
 .rel.iplt      0x0000000008001f20        0x0 C:/ST/STM32CubeIDE_1.12.0/STM32CubeIDE/plugins/com.st.stm32cube.ide.mcu.externaltools.gnu-tools-for-stm32.11.3.rel1.win32_1.1.1.202309131626/tools/bin/../lib/gcc/arm-none-eabi/11.3.1/thumb/v7e-m+fp/hard/crtbegin.o

.preinit_array  0x0000000008001f20        0x0
                0x0000000008001f20                . = ALIGN (0x4)
                0x0000000008001f20                PROVIDE (__preinit_array_start = .)
 *(.preinit_array*)
                0x0000000008001f20                PROVIDE (__preinit_array_end = .)
                0x0000000008001f20                . = ALIGN (0x4)

.init_array     0x0000000008001f20        0x4
                0x0000000008001f20                . = ALIGN (0x4)
                0x0000000008001f20                PROVIDE (__init_array_start = .)
 *(SORT_BY_NAME(.init_array.*))
 *(.init_array*)
 .init_array    0x0000000008001f20        0x4 C:/ST/STM32CubeIDE_1.12.0/STM32CubeIDE/plugins/com.st.stm32cube.ide.mcu.externaltools.gnu-tools-for-stm32.11.3.rel1.win32_1.1.1.202309131626/tools/bin/../lib/gcc/arm-none-eabi/11.3.1/thumb/v7e-m+fp/hard/crtbegin.o
                0x0000000008001f24                PROVIDE (__init_array_end = .)
                0x0000000008001f24                . = ALIGN (0x4)

.fini_array     0x0000000008001f24        0x4
                0x0000000008001f24                . = ALIGN (0x4)
                [!provide]                        PROVIDE (__fini_array_start = .)
 *(SORT_BY_NAME(.fini_array.*))
 *(.fini_array*)
 .fini_array    0x0000000008001f24        0x4 C:/ST/STM32CubeIDE_1.12.0/STM32CubeIDE/plugins/com.st.stm32cube.ide.mcu.externaltools.gnu-tools-for-stm32.11.3.rel1.win32_1.1.1.202309131626/tools/bin/../lib/gcc/arm-none-eabi/11.3.1/thumb/v7e-m+fp/hard/crtbegin.o
                [!provide]                        PROVIDE (__fini_array_end = .)
                0x0000000008001f28                . = ALIGN (0x4)
                0x0000000008001f28                _sidata = LOADADDR (.data)

.data           0x0000000020000000        0xc load address 0x0000000008001f28
                0x0000000020000000                . = ALIGN (0x4)
                0x0000000020000000                _sdata = .
 *(.data)
 *(.data*)
 .data.SystemCoreClock
                0x0000000020000000        0x4 ./Core/Src/system_stm32f4xx.o
                0x0000000020000000                SystemCoreClock
 .data.uwTickPrio
                0x0000000020000004        0x4 ./Drivers/STM32F4xx_HAL_Driver/Src/stm32f4xx_hal.o
                0x0000000020000004                uwTickPrio
 .data.uwTickFreq
                0x0000000020000008        0x1 ./Drivers/STM32F4xx_HAL_Driver/Src/stm32f4xx_hal.o
                0x0000000020000008                uwTickFreq
 *(.RamFunc)
 *(.RamFunc*)
                0x000000002000000c                . = ALIGN (0x4)
 *fill*         0x0000000020000009        0x3 
                0x000000002000000c                _edata = .

.igot.plt       0x000000002000000c        0x0 load address 0x0000000008001f34
 .igot.plt      0x000000002000000c        0x0 C:/ST/STM32CubeIDE_1.12.0/STM32CubeIDE/plugins/com.st.stm32cube.ide.mcu.externaltools.gnu-tools-for-stm32.11.3.rel1.win32_1.1.1.202309131626/tools/bin/../lib/gcc/arm-none-eabi/11.3.1/thumb/v7e-m+fp/hard/crtbegin.o
                0x000000002000000c                . = ALIGN (0x4)

.bss            0x000000002000000c       0x6c load address 0x0000000008001f34
                0x000000002000000c                _sbss = .
                0x000000002000000c                __bss_start__ = _sbss
 *(.bss)
 .bss           0x000000002000000c       0x1c C:/ST/STM32CubeIDE_1.12.0/STM32CubeIDE/plugins/com.st.stm32cube.ide.mcu.externaltools.gnu-tools-for-stm32.11.3.rel1.win32_1.1.1.202309131626/tools/bin/../lib/gcc/arm-none-eabi/11.3.1/thumb/v7e-m+fp/hard/crtbegin.o
 *(.bss*)
 .bss.hexti0    0x0000000020000028        0x8 ./BlueNRG-2/Target/hci_tl_interface.o
                0x0000000020000028                hexti0
 .bss.huart2    0x0000000020000030       0x44 ./Core/Src/usart.o
                0x0000000020000030                huart2
 .bss.uwTick    0x0000000020000074        0x4 ./Drivers/STM32F4xx_HAL_Driver/Src/stm32f4xx_hal.o
                0x0000000020000074                uwTick
 *(COMMON)
                0x0000000020000078                . = ALIGN (0x4)
                0x0000000020000078                _ebss = .
                0x0000000020000078                __bss_end__ = _ebss

._user_heap_stack
                0x0000000020000078      0x600 load address 0x0000000008001f34
                0x0000000020000078                . = ALIGN (0x8)
                [!provide]                        PROVIDE (end = .)
                0x0000000020000078                PROVIDE (_end = .)
                0x0000000020000278                . = (. + _Min_Heap_Size)
 *fill*         0x0000000020000078      0x200 
                0x0000000020000678                . = (. + _Min_Stack_Size)
 *fill*         0x0000000020000278      0x400 
                0x0000000020000678                . = ALIGN (0x8)

/DISCARD/
 libc.a(*)
 libm.a(*)
 libgcc.a(*)

.ARM.attributes
                0x0000000000000000       0x30
 *(.ARM.attributes)
 .ARM.attributes
                0x0000000000000000       0x1e C:/ST/STM32CubeIDE_1.12.0/STM32CubeIDE/plugins/com.st.stm32cube.ide.mcu.externaltools.gnu-tools-for-stm32.11.3.rel1.win32_1.1.1.202309131626/tools/bin/../lib/gcc/arm-none-eabi/11.3.1/thumb/v7e-m+fp/hard/crti.o
 .ARM.attributes
                0x000000000000001e       0x34 C:/ST/STM32CubeIDE_1.12.0/STM32CubeIDE/plugins/com.st.stm32cube.ide.mcu.externaltools.gnu-tools-for-stm32.11.3.rel1.win32_1.1.1.202309131626/tools/bin/../lib/gcc/arm-none-eabi/11.3.1/thumb/v7e-m+fp/hard/crtbegin.o
 .ARM.attributes
                0x0000000000000052       0x34 ./BlueNRG-2/Target/hci_tl_interface.o
 .ARM.attributes
                0x0000000000000086       0x34 ./Core/Src/gpio.o
 .ARM.attributes
                0x00000000000000ba       0x34 ./Core/Src/main.o
 .ARM.attributes
                0x00000000000000ee       0x34 ./Core/Src/stm32f4xx_hal_msp.o
 .ARM.attributes
                0x0000000000000122       0x34 ./Core/Src/stm32f4xx_it.o
 .ARM.attributes
                0x0000000000000156       0x34 ./Core/Src/system_stm32f4xx.o
 .ARM.attributes
                0x000000000000018a       0x34 ./Core/Src/usart.o
 .ARM.attributes
                0x00000000000001be       0x21 ./Core/Startup/startup_stm32f411retx.o
 .ARM.attributes
                0x00000000000001df       0x34 ./Drivers/STM32F4xx_HAL_Driver/Src/stm32f4xx_hal.o
 .ARM.attributes
                0x0000000000000213       0x34 ./Drivers/STM32F4xx_HAL_Driver/Src/stm32f4xx_hal_cortex.o
 .ARM.attributes
                0x0000000000000247       0x34 ./Drivers/STM32F4xx_HAL_Driver/Src/stm32f4xx_hal_exti.o
 .ARM.attributes
                0x000000000000027b       0x34 ./Drivers/STM32F4xx_HAL_Driver/Src/stm32f4xx_hal_gpio.o
 .ARM.attributes
                0x00000000000002af       0x34 ./Drivers/STM32F4xx_HAL_Driver/Src/stm32f4xx_hal_rcc.o
 .ARM.attributes
                0x00000000000002e3       0x34 ./Drivers/STM32F4xx_HAL_Driver/Src/stm32f4xx_hal_uart.o
 .ARM.attributes
                0x0000000000000317       0x34 C:/ST/STM32CubeIDE_1.12.0/STM32CubeIDE/plugins/com.st.stm32cube.ide.mcu.externaltools.gnu-tools-for-stm32.11.3.rel1.win32_1.1.1.202309131626/tools/bin/../lib/gcc/arm-none-eabi/11.3.1/../../../../arm-none-eabi/lib/thumb/v7e-m+fp/hard\libc_nano.a(libc_a-memset.o)
 .ARM.attributes
                0x000000000000034b       0x34 C:/ST/STM32CubeIDE_1.12.0/STM32CubeIDE/plugins/com.st.stm32cube.ide.mcu.externaltools.gnu-tools-for-stm32.11.3.rel1.win32_1.1.1.202309131626/tools/bin/../lib/gcc/arm-none-eabi/11.3.1/../../../../arm-none-eabi/lib/thumb/v7e-m+fp/hard\libc_nano.a(libc_a-init.o)
 .ARM.attributes
                0x000000000000037f       0x1e C:/ST/STM32CubeIDE_1.12.0/STM32CubeIDE/plugins/com.st.stm32cube.ide.mcu.externaltools.gnu-tools-for-stm32.11.3.rel1.win32_1.1.1.202309131626/tools/bin/../lib/gcc/arm-none-eabi/11.3.1/thumb/v7e-m+fp/hard\libgcc.a(_aeabi_uldivmod.o)
 .ARM.attributes
                0x000000000000039d       0x34 C:/ST/STM32CubeIDE_1.12.0/STM32CubeIDE/plugins/com.st.stm32cube.ide.mcu.externaltools.gnu-tools-for-stm32.11.3.rel1.win32_1.1.1.202309131626/tools/bin/../lib/gcc/arm-none-eabi/11.3.1/thumb/v7e-m+fp/hard\libgcc.a(_udivmoddi4.o)
 .ARM.attributes
                0x00000000000003d1       0x1e C:/ST/STM32CubeIDE_1.12.0/STM32CubeIDE/plugins/com.st.stm32cube.ide.mcu.externaltools.gnu-tools-for-stm32.11.3.rel1.win32_1.1.1.202309131626/tools/bin/../lib/gcc/arm-none-eabi/11.3.1/thumb/v7e-m+fp/hard\libgcc.a(_dvmd_tls.o)
 .ARM.attributes
                0x00000000000003ef       0x1e C:/ST/STM32CubeIDE_1.12.0/STM32CubeIDE/plugins/com.st.stm32cube.ide.mcu.externaltools.gnu-tools-for-stm32.11.3.rel1.win32_1.1.1.202309131626/tools/bin/../lib/gcc/arm-none-eabi/11.3.1/thumb/v7e-m+fp/hard/crtn.o
OUTPUT(01_Project.elf elf32-littlearm)
LOAD linker stubs
LOAD C:/ST/STM32CubeIDE_1.12.0/STM32CubeIDE/plugins/com.st.stm32cube.ide.mcu.externaltools.gnu-tools-for-stm32.11.3.rel1.win32_1.1.1.202309131626/tools/bin/../lib/gcc/arm-none-eabi/11.3.1/../../../../arm-none-eabi/lib/thumb/v7e-m+fp/hard\libc.a
LOAD C:/ST/STM32CubeIDE_1.12.0/STM32CubeIDE/plugins/com.st.stm32cube.ide.mcu.externaltools.gnu-tools-for-stm32.11.3.rel1.win32_1.1.1.202309131626/tools/bin/../lib/gcc/arm-none-eabi/11.3.1/../../../../arm-none-eabi/lib/thumb/v7e-m+fp/hard\libm.a
LOAD C:/ST/STM32CubeIDE_1.12.0/STM32CubeIDE/plugins/com.st.stm32cube.ide.mcu.externaltools.gnu-tools-for-stm32.11.3.rel1.win32_1.1.1.202309131626/tools/bin/../lib/gcc/arm-none-eabi/11.3.1/thumb/v7e-m+fp/hard\libgcc.a

.comment        0x0000000000000000       0x43
 .comment       0x0000000000000000       0x43 C:/ST/STM32CubeIDE_1.12.0/STM32CubeIDE/plugins/com.st.stm32cube.ide.mcu.externaltools.gnu-tools-for-stm32.11.3.rel1.win32_1.1.1.202309131626/tools/bin/../lib/gcc/arm-none-eabi/11.3.1/thumb/v7e-m+fp/hard/crtbegin.o
                                         0x44 (size before relaxing)
 .comment       0x0000000000000043       0x44 ./BlueNRG-2/Target/hci_tl_interface.o
 .comment       0x0000000000000043       0x44 ./Core/Src/gpio.o
 .comment       0x0000000000000043       0x44 ./Core/Src/main.o
 .comment       0x0000000000000043       0x44 ./Core/Src/stm32f4xx_hal_msp.o
 .comment       0x0000000000000043       0x44 ./Core/Src/stm32f4xx_it.o
 .comment       0x0000000000000043       0x44 ./Core/Src/system_stm32f4xx.o
 .comment       0x0000000000000043       0x44 ./Core/Src/usart.o
 .comment       0x0000000000000043       0x44 ./Drivers/STM32F4xx_HAL_Driver/Src/stm32f4xx_hal.o
 .comment       0x0000000000000043       0x44 ./Drivers/STM32F4xx_HAL_Driver/Src/stm32f4xx_hal_cortex.o
 .comment       0x0000000000000043       0x44 ./Drivers/STM32F4xx_HAL_Driver/Src/stm32f4xx_hal_exti.o
 .comment       0x0000000000000043       0x44 ./Drivers/STM32F4xx_HAL_Driver/Src/stm32f4xx_hal_gpio.o
 .comment       0x0000000000000043       0x44 ./Drivers/STM32F4xx_HAL_Driver/Src/stm32f4xx_hal_rcc.o
 .comment       0x0000000000000043       0x44 ./Drivers/STM32F4xx_HAL_Driver/Src/stm32f4xx_hal_uart.o

.debug_info     0x0000000000000000     0x8261
 .debug_info    0x0000000000000000      0xa66 ./BlueNRG-2/Target/hci_tl_interface.o
 .debug_info    0x0000000000000a66      0x5fc ./Core/Src/gpio.o
 .debug_info    0x0000000000001062      0x4d9 ./Core/Src/main.o
 .debug_info    0x000000000000153b      0x2a4 ./Core/Src/stm32f4xx_hal_msp.o
 .debug_info    0x00000000000017df      0x1ca ./Core/Src/stm32f4xx_it.o
 .debug_info    0x00000000000019a9      0x53e ./Core/Src/system_stm32f4xx.o
 .debug_info    0x0000000000001ee7      0x930 ./Core/Src/usart.o
 .debug_info    0x0000000000002817       0x23 ./Core/Startup/startup_stm32f411retx.o
 .debug_info    0x000000000000283a      0x8c4 ./Drivers/STM32F4xx_HAL_Driver/Src/stm32f4xx_hal.o
 .debug_info    0x00000000000030fe      0xcb6 ./Drivers/STM32F4xx_HAL_Driver/Src/stm32f4xx_hal_cortex.o
 .debug_info    0x0000000000003db4      0x503 ./Drivers/STM32F4xx_HAL_Driver/Src/stm32f4xx_hal_exti.o
 .debug_info    0x00000000000042b7      0x6f9 ./Drivers/STM32F4xx_HAL_Driver/Src/stm32f4xx_hal_gpio.o
 .debug_info    0x00000000000049b0      0x8f2 ./Drivers/STM32F4xx_HAL_Driver/Src/stm32f4xx_hal_rcc.o
 .debug_info    0x00000000000052a2     0x2fbf ./Drivers/STM32F4xx_HAL_Driver/Src/stm32f4xx_hal_uart.o

.debug_abbrev   0x0000000000000000     0x19ee
 .debug_abbrev  0x0000000000000000      0x2ac ./BlueNRG-2/Target/hci_tl_interface.o
 .debug_abbrev  0x00000000000002ac      0x173 ./Core/Src/gpio.o
 .debug_abbrev  0x000000000000041f      0x1d7 ./Core/Src/main.o
 .debug_abbrev  0x00000000000005f6       0xf4 ./Core/Src/stm32f4xx_hal_msp.o
 .debug_abbrev  0x00000000000006ea       0xfa ./Core/Src/stm32f4xx_it.o
 .debug_abbrev  0x00000000000007e4      0x11a ./Core/Src/system_stm32f4xx.o
 .debug_abbrev  0x00000000000008fe      0x1f8 ./Core/Src/usart.o
 .debug_abbrev  0x0000000000000af6       0x12 ./Core/Startup/startup_stm32f411retx.o
 .debug_abbrev  0x0000000000000b08      0x24b ./Drivers/STM32F4xx_HAL_Driver/Src/stm32f4xx_hal.o
 .debug_abbrev  0x0000000000000d53      0x327 ./Drivers/STM32F4xx_HAL_Driver/Src/stm32f4xx_hal_cortex.o
 .debug_abbrev  0x000000000000107a      0x1d1 ./Drivers/STM32F4xx_HAL_Driver/Src/stm32f4xx_hal_exti.o
 .debug_abbrev  0x000000000000124b      0x1d3 ./Drivers/STM32F4xx_HAL_Driver/Src/stm32f4xx_hal_gpio.o
 .debug_abbrev  0x000000000000141e      0x2b5 ./Drivers/STM32F4xx_HAL_Driver/Src/stm32f4xx_hal_rcc.o
 .debug_abbrev  0x00000000000016d3      0x31b ./Drivers/STM32F4xx_HAL_Driver/Src/stm32f4xx_hal_uart.o

.debug_aranges  0x0000000000000000      0x710
 .debug_aranges
                0x0000000000000000       0x68 ./BlueNRG-2/Target/hci_tl_interface.o
 .debug_aranges
                0x0000000000000068       0x20 ./Core/Src/gpio.o
 .debug_aranges
                0x0000000000000088       0x30 ./Core/Src/main.o
 .debug_aranges
                0x00000000000000b8       0x20 ./Core/Src/stm32f4xx_hal_msp.o
 .debug_aranges
                0x00000000000000d8       0x70 ./Core/Src/stm32f4xx_it.o
 .debug_aranges
                0x0000000000000148       0x28 ./Core/Src/system_stm32f4xx.o
 .debug_aranges
                0x0000000000000170       0x30 ./Core/Src/usart.o
 .debug_aranges
                0x00000000000001a0       0x28 ./Core/Startup/startup_stm32f411retx.o
 .debug_aranges
                0x00000000000001c8       0xf0 ./Drivers/STM32F4xx_HAL_Driver/Src/stm32f4xx_hal.o
 .debug_aranges
                0x00000000000002b8      0x118 ./Drivers/STM32F4xx_HAL_Driver/Src/stm32f4xx_hal_cortex.o
 .debug_aranges
                0x00000000000003d0       0x60 ./Drivers/STM32F4xx_HAL_Driver/Src/stm32f4xx_hal_exti.o
 .debug_aranges
                0x0000000000000430       0x58 ./Drivers/STM32F4xx_HAL_Driver/Src/stm32f4xx_hal_gpio.o
 .debug_aranges
                0x0000000000000488       0x88 ./Drivers/STM32F4xx_HAL_Driver/Src/stm32f4xx_hal_rcc.o
 .debug_aranges
                0x0000000000000510      0x200 ./Drivers/STM32F4xx_HAL_Driver/Src/stm32f4xx_hal_uart.o

.debug_rnglists
                0x0000000000000000      0x554
 .debug_rnglists
                0x0000000000000000       0x4c ./BlueNRG-2/Target/hci_tl_interface.o
 .debug_rnglists
                0x000000000000004c       0x14 ./Core/Src/gpio.o
 .debug_rnglists
                0x0000000000000060       0x20 ./Core/Src/main.o
 .debug_rnglists
                0x0000000000000080       0x13 ./Core/Src/stm32f4xx_hal_msp.o
 .debug_rnglists
                0x0000000000000093       0x4f ./Core/Src/stm32f4xx_it.o
 .debug_rnglists
                0x00000000000000e2       0x1a ./Core/Src/system_stm32f4xx.o
 .debug_rnglists
                0x00000000000000fc       0x20 ./Core/Src/usart.o
 .debug_rnglists
                0x000000000000011c       0x19 ./Core/Startup/startup_stm32f411retx.o
 .debug_rnglists
                0x0000000000000135       0xaf ./Drivers/STM32F4xx_HAL_Driver/Src/stm32f4xx_hal.o
 .debug_rnglists
                0x00000000000001e4       0xce ./Drivers/STM32F4xx_HAL_Driver/Src/stm32f4xx_hal_cortex.o
 .debug_rnglists
                0x00000000000002b2       0x46 ./Drivers/STM32F4xx_HAL_Driver/Src/stm32f4xx_hal_exti.o
 .debug_rnglists
                0x00000000000002f8       0x3f ./Drivers/STM32F4xx_HAL_Driver/Src/stm32f4xx_hal_gpio.o
 .debug_rnglists
                0x0000000000000337       0x66 ./Drivers/STM32F4xx_HAL_Driver/Src/stm32f4xx_hal_rcc.o
 .debug_rnglists
                0x000000000000039d      0x1b7 ./Drivers/STM32F4xx_HAL_Driver/Src/stm32f4xx_hal_uart.o

.debug_macro    0x0000000000000000    0x15e7f
 .debug_macro   0x0000000000000000      0x315 ./BlueNRG-2/Target/hci_tl_interface.o
 .debug_macro   0x0000000000000315      0xaa8 ./BlueNRG-2/Target/hci_tl_interface.o
 .debug_macro   0x0000000000000dbd       0x16 ./BlueNRG-2/Target/hci_tl_interface.o
 .debug_macro   0x0000000000000dd3      0x29b ./BlueNRG-2/Target/hci_tl_interface.o
 .debug_macro   0x000000000000106e       0x2e ./BlueNRG-2/Target/hci_tl_interface.o
 .debug_macro   0x000000000000109c       0x28 ./BlueNRG-2/Target/hci_tl_interface.o
 .debug_macro   0x00000000000010c4       0x22 ./BlueNRG-2/Target/hci_tl_interface.o
 .debug_macro   0x00000000000010e6       0x8e ./BlueNRG-2/Target/hci_tl_interface.o
 .debug_macro   0x0000000000001174       0x51 ./BlueNRG-2/Target/hci_tl_interface.o
 .debug_macro   0x00000000000011c5      0x103 ./BlueNRG-2/Target/hci_tl_interface.o
 .debug_macro   0x00000000000012c8       0x6a ./BlueNRG-2/Target/hci_tl_interface.o
 .debug_macro   0x0000000000001332      0x1df ./BlueNRG-2/Target/hci_tl_interface.o
 .debug_macro   0x0000000000001511       0x1c ./BlueNRG-2/Target/hci_tl_interface.o
 .debug_macro   0x000000000000152d       0x22 ./BlueNRG-2/Target/hci_tl_interface.o
 .debug_macro   0x000000000000154f       0xd9 ./BlueNRG-2/Target/hci_tl_interface.o
 .debug_macro   0x0000000000001628     0x102d ./BlueNRG-2/Target/hci_tl_interface.o
 .debug_macro   0x0000000000002655      0x11f ./BlueNRG-2/Target/hci_tl_interface.o
 .debug_macro   0x0000000000002774     0xb953 ./BlueNRG-2/Target/hci_tl_interface.o
 .debug_macro   0x000000000000e0c7       0x6d ./BlueNRG-2/Target/hci_tl_interface.o
 .debug_macro   0x000000000000e134     0x367e ./BlueNRG-2/Target/hci_tl_interface.o
 .debug_macro   0x00000000000117b2      0x174 ./BlueNRG-2/Target/hci_tl_interface.o
 .debug_macro   0x0000000000011926       0x5c ./BlueNRG-2/Target/hci_tl_interface.o
 .debug_macro   0x0000000000011982      0x447 ./BlueNRG-2/Target/hci_tl_interface.o
 .debug_macro   0x0000000000011dc9      0x9fe ./BlueNRG-2/Target/hci_tl_interface.o
 .debug_macro   0x00000000000127c7      0x115 ./BlueNRG-2/Target/hci_tl_interface.o
 .debug_macro   0x00000000000128dc      0x11b ./BlueNRG-2/Target/hci_tl_interface.o
 .debug_macro   0x00000000000129f7       0xa5 ./BlueNRG-2/Target/hci_tl_interface.o
 .debug_macro   0x0000000000012a9c      0x15f ./BlueNRG-2/Target/hci_tl_interface.o
 .debug_macro   0x0000000000012bfb      0x287 ./BlueNRG-2/Target/hci_tl_interface.o
 .debug_macro   0x0000000000012e82       0x5f ./BlueNRG-2/Target/hci_tl_interface.o
 .debug_macro   0x0000000000012ee1      0x236 ./BlueNRG-2/Target/hci_tl_interface.o
 .debug_macro   0x0000000000013117      0x132 ./BlueNRG-2/Target/hci_tl_interface.o
 .debug_macro   0x0000000000013249      0x264 ./BlueNRG-2/Target/hci_tl_interface.o
 .debug_macro   0x00000000000134ad       0x2e ./BlueNRG-2/Target/hci_tl_interface.o
 .debug_macro   0x00000000000134db      0x11a ./BlueNRG-2/Target/hci_tl_interface.o
 .debug_macro   0x00000000000135f5       0x85 ./BlueNRG-2/Target/hci_tl_interface.o
 .debug_macro   0x000000000001367a       0x89 ./BlueNRG-2/Target/hci_tl_interface.o
 .debug_macro   0x0000000000013703      0x225 ./BlueNRG-2/Target/hci_tl_interface.o
 .debug_macro   0x0000000000013928      0x295 ./BlueNRG-2/Target/hci_tl_interface.o
 .debug_macro   0x0000000000013bbd      0x126 ./BlueNRG-2/Target/hci_tl_interface.o
 .debug_macro   0x0000000000013ce3       0x28 ./BlueNRG-2/Target/hci_tl_interface.o
 .debug_macro   0x0000000000013d0b       0x82 ./BlueNRG-2/Target/hci_tl_interface.o
 .debug_macro   0x0000000000013d8d       0x6a ./BlueNRG-2/Target/hci_tl_interface.o
 .debug_macro   0x0000000000013df7       0x40 ./BlueNRG-2/Target/hci_tl_interface.o
 .debug_macro   0x0000000000013e37       0x46 ./BlueNRG-2/Target/hci_tl_interface.o
 .debug_macro   0x0000000000013e7d       0x61 ./BlueNRG-2/Target/hci_tl_interface.o
 .debug_macro   0x0000000000013ede       0x2a ./BlueNRG-2/Target/hci_tl_interface.o
 .debug_macro   0x0000000000013f08       0x43 ./BlueNRG-2/Target/hci_tl_interface.o
 .debug_macro   0x0000000000013f4b       0x34 ./BlueNRG-2/Target/hci_tl_interface.o
 .debug_macro   0x0000000000013f7f       0x16 ./BlueNRG-2/Target/hci_tl_interface.o
 .debug_macro   0x0000000000013f95       0x43 ./BlueNRG-2/Target/hci_tl_interface.o
 .debug_macro   0x0000000000013fd8       0x34 ./BlueNRG-2/Target/hci_tl_interface.o
 .debug_macro   0x000000000001400c       0x10 ./BlueNRG-2/Target/hci_tl_interface.o
 .debug_macro   0x000000000001401c       0x58 ./BlueNRG-2/Target/hci_tl_interface.o
 .debug_macro   0x0000000000014074       0x8e ./BlueNRG-2/Target/hci_tl_interface.o
 .debug_macro   0x0000000000014102       0x1c ./BlueNRG-2/Target/hci_tl_interface.o
 .debug_macro   0x000000000001411e      0x177 ./BlueNRG-2/Target/hci_tl_interface.o
 .debug_macro   0x0000000000014295      0x369 ./BlueNRG-2/Target/hci_tl_interface.o
 .debug_macro   0x00000000000145fe       0x10 ./BlueNRG-2/Target/hci_tl_interface.o
 .debug_macro   0x000000000001460e       0x35 ./BlueNRG-2/Target/hci_tl_interface.o
 .debug_macro   0x0000000000014643       0x20 ./BlueNRG-2/Target/hci_tl_interface.o
 .debug_macro   0x0000000000014663       0xa0 ./BlueNRG-2/Target/hci_tl_interface.o
 .debug_macro   0x0000000000014703      0x20d ./Core/Src/gpio.o
 .debug_macro   0x0000000000014910       0x2e ./Core/Src/gpio.o
 .debug_macro   0x000000000001493e       0x22 ./Core/Src/gpio.o
 .debug_macro   0x0000000000014960      0x21b ./Core/Src/main.o
 .debug_macro   0x0000000000014b7b      0x203 ./Core/Src/stm32f4xx_hal_msp.o
 .debug_macro   0x0000000000014d7e      0x20d ./Core/Src/stm32f4xx_it.o
 .debug_macro   0x0000000000014f8b      0x1c4 ./Core/Src/system_stm32f4xx.o
 .debug_macro   0x000000000001514f      0x20d ./Core/Src/usart.o
 .debug_macro   0x000000000001535c      0x224 ./Drivers/STM32F4xx_HAL_Driver/Src/stm32f4xx_hal.o
 .debug_macro   0x0000000000015580      0x1c4 ./Drivers/STM32F4xx_HAL_Driver/Src/stm32f4xx_hal_cortex.o
 .debug_macro   0x0000000000015744      0x1c4 ./Drivers/STM32F4xx_HAL_Driver/Src/stm32f4xx_hal_exti.o
 .debug_macro   0x0000000000015908      0x1ca ./Drivers/STM32F4xx_HAL_Driver/Src/stm32f4xx_hal_gpio.o
 .debug_macro   0x0000000000015ad2      0x1e8 ./Drivers/STM32F4xx_HAL_Driver/Src/stm32f4xx_hal_rcc.o
 .debug_macro   0x0000000000015cba      0x1c5 ./Drivers/STM32F4xx_HAL_Driver/Src/stm32f4xx_hal_uart.o

.debug_line     0x0000000000000000     0xa0a9
 .debug_line    0x0000000000000000      0xbc5 ./BlueNRG-2/Target/hci_tl_interface.o
 .debug_line    0x0000000000000bc5      0x7cf ./Core/Src/gpio.o
 .debug_line    0x0000000000001394      0x830 ./Core/Src/main.o
 .debug_line    0x0000000000001bc4      0x7a9 ./Core/Src/stm32f4xx_hal_msp.o
 .debug_line    0x000000000000236d      0x89a ./Core/Src/stm32f4xx_it.o
 .debug_line    0x0000000000002c07      0x7ae ./Core/Src/system_stm32f4xx.o
 .debug_line    0x00000000000033b5      0x811 ./Core/Src/usart.o
 .debug_line    0x0000000000003bc6       0x7a ./Core/Startup/startup_stm32f411retx.o
 .debug_line    0x0000000000003c40      0xa14 ./Drivers/STM32F4xx_HAL_Driver/Src/stm32f4xx_hal.o
 .debug_line    0x0000000000004654      0xcc3 ./Drivers/STM32F4xx_HAL_Driver/Src/stm32f4xx_hal_cortex.o
 .debug_line    0x0000000000005317      0xa03 ./Drivers/STM32F4xx_HAL_Driver/Src/stm32f4xx_hal_exti.o
 .debug_line    0x0000000000005d1a      0xb4c ./Drivers/STM32F4xx_HAL_Driver/Src/stm32f4xx_hal_gpio.o
 .debug_line    0x0000000000006866      0xd8d ./Drivers/STM32F4xx_HAL_Driver/Src/stm32f4xx_hal_rcc.o
 .debug_line    0x00000000000075f3     0x2ab6 ./Drivers/STM32F4xx_HAL_Driver/Src/stm32f4xx_hal_uart.o

.debug_str      0x0000000000000000    0x86c85
 .debug_str     0x0000000000000000    0x84fd2 ./BlueNRG-2/Target/hci_tl_interface.o
                                      0x852c4 (size before relaxing)
 .debug_str     0x0000000000084fd2       0xb6 ./Core/Src/gpio.o
                                      0x81bc7 (size before relaxing)
 .debug_str     0x0000000000085088      0x1ac ./Core/Src/main.o
                                      0x8191c (size before relaxing)
 .debug_str     0x0000000000085234       0x49 ./Core/Src/stm32f4xx_hal_msp.o
                                      0x81751 (size before relaxing)
 .debug_str     0x000000000008527d      0x11c ./Core/Src/stm32f4xx_it.o
                                      0x81752 (size before relaxing)
 .debug_str     0x0000000000085399       0xdb ./Core/Src/system_stm32f4xx.o
                                      0x8104e (size before relaxing)
 .debug_str     0x0000000000085474      0x436 ./Core/Src/usart.o
                                      0x81c94 (size before relaxing)
 .debug_str     0x00000000000858aa       0x34 ./Core/Startup/startup_stm32f411retx.o
                                         0x85 (size before relaxing)
 .debug_str     0x00000000000858de      0x5da ./Drivers/STM32F4xx_HAL_Driver/Src/stm32f4xx_hal.o
                                      0x81a7a (size before relaxing)
 .debug_str     0x0000000000085eb8      0x323 ./Drivers/STM32F4xx_HAL_Driver/Src/stm32f4xx_hal_cortex.o
                                      0x8179b (size before relaxing)
 .debug_str     0x00000000000861db      0x172 ./Drivers/STM32F4xx_HAL_Driver/Src/stm32f4xx_hal_exti.o
                                      0x810a8 (size before relaxing)
 .debug_str     0x000000000008634d       0xb7 ./Drivers/STM32F4xx_HAL_Driver/Src/stm32f4xx_hal_gpio.o
                                      0x811c9 (size before relaxing)
 .debug_str     0x0000000000086404      0x233 ./Drivers/STM32F4xx_HAL_Driver/Src/stm32f4xx_hal_rcc.o
                                      0x81482 (size before relaxing)
 .debug_str     0x0000000000086637      0x64e ./Drivers/STM32F4xx_HAL_Driver/Src/stm32f4xx_hal_uart.o
                                      0x81a0f (size before relaxing)

.debug_frame    0x0000000000000000     0x1ab8
 .debug_frame   0x0000000000000000      0x148 ./BlueNRG-2/Target/hci_tl_interface.o
 .debug_frame   0x0000000000000148       0x34 ./Core/Src/gpio.o
 .debug_frame   0x000000000000017c       0x68 ./Core/Src/main.o
 .debug_frame   0x00000000000001e4       0x34 ./Core/Src/stm32f4xx_hal_msp.o
 .debug_frame   0x0000000000000218      0x13c ./Core/Src/stm32f4xx_it.o
 .debug_frame   0x0000000000000354       0x58 ./Core/Src/system_stm32f4xx.o
 .debug_frame   0x00000000000003ac       0x74 ./Core/Src/usart.o
 .debug_frame   0x0000000000000420      0x374 ./Drivers/STM32F4xx_HAL_Driver/Src/stm32f4xx_hal.o
 .debug_frame   0x0000000000000794      0x498 ./Drivers/STM32F4xx_HAL_Driver/Src/stm32f4xx_hal_cortex.o
 .debug_frame   0x0000000000000c2c      0x174 ./Drivers/STM32F4xx_HAL_Driver/Src/stm32f4xx_hal_exti.o
 .debug_frame   0x0000000000000da0      0x14c ./Drivers/STM32F4xx_HAL_Driver/Src/stm32f4xx_hal_gpio.o
 .debug_frame   0x0000000000000eec      0x1f4 ./Drivers/STM32F4xx_HAL_Driver/Src/stm32f4xx_hal_rcc.o
 .debug_frame   0x00000000000010e0      0x92c ./Drivers/STM32F4xx_HAL_Driver/Src/stm32f4xx_hal_uart.o
 .debug_frame   0x0000000000001a0c       0x20 C:/ST/STM32CubeIDE_1.12.0/STM32CubeIDE/plugins/com.st.stm32cube.ide.mcu.externaltools.gnu-tools-for-stm32.11.3.rel1.win32_1.1.1.202309131626/tools/bin/../lib/gcc/arm-none-eabi/11.3.1/../../../../arm-none-eabi/lib/thumb/v7e-m+fp/hard\libc_nano.a(libc_a-memset.o)
 .debug_frame   0x0000000000001a2c       0x2c C:/ST/STM32CubeIDE_1.12.0/STM32CubeIDE/plugins/com.st.stm32cube.ide.mcu.externaltools.gnu-tools-for-stm32.11.3.rel1.win32_1.1.1.202309131626/tools/bin/../lib/gcc/arm-none-eabi/11.3.1/../../../../arm-none-eabi/lib/thumb/v7e-m+fp/hard\libc_nano.a(libc_a-init.o)
 .debug_frame   0x0000000000001a58       0x2c C:/ST/STM32CubeIDE_1.12.0/STM32CubeIDE/plugins/com.st.stm32cube.ide.mcu.externaltools.gnu-tools-for-stm32.11.3.rel1.win32_1.1.1.202309131626/tools/bin/../lib/gcc/arm-none-eabi/11.3.1/thumb/v7e-m+fp/hard\libgcc.a(_aeabi_uldivmod.o)
 .debug_frame   0x0000000000001a84       0x34 C:/ST/STM32CubeIDE_1.12.0/STM32CubeIDE/plugins/com.st.stm32cube.ide.mcu.externaltools.gnu-tools-for-stm32.11.3.rel1.win32_1.1.1.202309131626/tools/bin/../lib/gcc/arm-none-eabi/11.3.1/thumb/v7e-m+fp/hard\libgcc.a(_udivmoddi4.o)

.debug_line_str
                0x0000000000000000       0x79
 .debug_line_str
                0x0000000000000000       0x79 ./Core/Startup/startup_stm32f411retx.o
                                         0x91 (size before relaxing)
