Archive member included to satisfy reference by file (symbol)

c:/program files (x86)/gnu arm embedded toolchain/10 2021.10/bin/../lib/gcc/arm-none-eabi/10.3.1/../../../../arm-none-eabi/lib/thumb/v7e-m+fp/hard\libc_nano.a(lib_a-exit.o)
                              c:/program files (x86)/gnu arm embedded toolchain/10 2021.10/bin/../lib/gcc/arm-none-eabi/10.3.1/../../../../arm-none-eabi/lib/thumb/v7e-m+fp/hard/crt0.o (exit)
c:/program files (x86)/gnu arm embedded toolchain/10 2021.10/bin/../lib/gcc/arm-none-eabi/10.3.1/../../../../arm-none-eabi/lib/thumb/v7e-m+fp/hard\libc_nano.a(lib_a-impure.o)
                              c:/program files (x86)/gnu arm embedded toolchain/10 2021.10/bin/../lib/gcc/arm-none-eabi/10.3.1/../../../../arm-none-eabi/lib/thumb/v7e-m+fp/hard\libc_nano.a(lib_a-exit.o) (_global_impure_ptr)
c:/program files (x86)/gnu arm embedded toolchain/10 2021.10/bin/../lib/gcc/arm-none-eabi/10.3.1/../../../../arm-none-eabi/lib/thumb/v7e-m+fp/hard\libc_nano.a(lib_a-init.o)
                              c:/program files (x86)/gnu arm embedded toolchain/10 2021.10/bin/../lib/gcc/arm-none-eabi/10.3.1/../../../../arm-none-eabi/lib/thumb/v7e-m+fp/hard/crt0.o (__libc_init_array)
c:/program files (x86)/gnu arm embedded toolchain/10 2021.10/bin/../lib/gcc/arm-none-eabi/10.3.1/../../../../arm-none-eabi/lib/thumb/v7e-m+fp/hard\libc_nano.a(lib_a-memcpy-stub.o)
                              build/hci_tl.o (memcpy)
c:/program files (x86)/gnu arm embedded toolchain/10 2021.10/bin/../lib/gcc/arm-none-eabi/10.3.1/../../../../arm-none-eabi/lib/thumb/v7e-m+fp/hard\libc_nano.a(lib_a-memset.o)
                              c:/program files (x86)/gnu arm embedded toolchain/10 2021.10/bin/../lib/gcc/arm-none-eabi/10.3.1/../../../../arm-none-eabi/lib/thumb/v7e-m+fp/hard/crt0.o (memset)
c:/program files (x86)/gnu arm embedded toolchain/10 2021.10/bin/../lib/gcc/arm-none-eabi/10.3.1/../../../../arm-none-eabi/lib/thumb/v7e-m+fp/hard\libnosys.a(_exit.o)
                              c:/program files (x86)/gnu arm embedded toolchain/10 2021.10/bin/../lib/gcc/arm-none-eabi/10.3.1/../../../../arm-none-eabi/lib/thumb/v7e-m+fp/hard\libc_nano.a(lib_a-exit.o) (_exit)
c:/program files (x86)/gnu arm embedded toolchain/10 2021.10/bin/../lib/gcc/arm-none-eabi/10.3.1/thumb/v7e-m+fp/hard\libgcc.a(_aeabi_uldivmod.o)
                              build/stm32f4xx_hal_rcc.o (__aeabi_uldivmod)
c:/program files (x86)/gnu arm embedded toolchain/10 2021.10/bin/../lib/gcc/arm-none-eabi/10.3.1/thumb/v7e-m+fp/hard\libgcc.a(_udivmoddi4.o)
                              c:/program files (x86)/gnu arm embedded toolchain/10 2021.10/bin/../lib/gcc/arm-none-eabi/10.3.1/thumb/v7e-m+fp/hard\libgcc.a(_aeabi_uldivmod.o) (__udivmoddi4)
c:/program files (x86)/gnu arm embedded toolchain/10 2021.10/bin/../lib/gcc/arm-none-eabi/10.3.1/thumb/v7e-m+fp/hard\libgcc.a(_dvmd_tls.o)
                              c:/program files (x86)/gnu arm embedded toolchain/10 2021.10/bin/../lib/gcc/arm-none-eabi/10.3.1/thumb/v7e-m+fp/hard\libgcc.a(_aeabi_uldivmod.o) (__aeabi_ldiv0)

Discarded input sections

 .text          0x00000000        0x0 c:/program files (x86)/gnu arm embedded toolchain/10 2021.10/bin/../lib/gcc/arm-none-eabi/10.3.1/thumb/v7e-m+fp/hard/crti.o
 .data          0x00000000        0x0 c:/program files (x86)/gnu arm embedded toolchain/10 2021.10/bin/../lib/gcc/arm-none-eabi/10.3.1/thumb/v7e-m+fp/hard/crti.o
 .bss           0x00000000        0x0 c:/program files (x86)/gnu arm embedded toolchain/10 2021.10/bin/../lib/gcc/arm-none-eabi/10.3.1/thumb/v7e-m+fp/hard/crti.o
 .data          0x00000000        0x4 c:/program files (x86)/gnu arm embedded toolchain/10 2021.10/bin/../lib/gcc/arm-none-eabi/10.3.1/thumb/v7e-m+fp/hard/crtbegin.o
 .rodata        0x00000000       0x24 c:/program files (x86)/gnu arm embedded toolchain/10 2021.10/bin/../lib/gcc/arm-none-eabi/10.3.1/thumb/v7e-m+fp/hard/crtbegin.o
 .text          0x00000000       0x7c c:/program files (x86)/gnu arm embedded toolchain/10 2021.10/bin/../lib/gcc/arm-none-eabi/10.3.1/../../../../arm-none-eabi/lib/thumb/v7e-m+fp/hard/crt0.o
 .data          0x00000000        0x0 c:/program files (x86)/gnu arm embedded toolchain/10 2021.10/bin/../lib/gcc/arm-none-eabi/10.3.1/../../../../arm-none-eabi/lib/thumb/v7e-m+fp/hard/crt0.o
 .bss           0x00000000        0x0 c:/program files (x86)/gnu arm embedded toolchain/10 2021.10/bin/../lib/gcc/arm-none-eabi/10.3.1/../../../../arm-none-eabi/lib/thumb/v7e-m+fp/hard/crt0.o
 .ARM.extab     0x00000000        0x0 c:/program files (x86)/gnu arm embedded toolchain/10 2021.10/bin/../lib/gcc/arm-none-eabi/10.3.1/../../../../arm-none-eabi/lib/thumb/v7e-m+fp/hard/crt0.o
 .ARM.exidx     0x00000000       0x10 c:/program files (x86)/gnu arm embedded toolchain/10 2021.10/bin/../lib/gcc/arm-none-eabi/10.3.1/../../../../arm-none-eabi/lib/thumb/v7e-m+fp/hard/crt0.o
 .ARM.attributes
[...]
Memory Configuration

Name             Origin             Length             Attributes
RAM              0x20000000         0x00020000         xrw
FLASH            0x08000000         0x00080000         xr
*default*        0x00000000         0xffffffff

Linker script and memory map

LOAD c:/program files (x86)/gnu arm embedded toolchain/10 2021.10/bin/../lib/gcc/arm-none-eabi/10.3.1/thumb/v7e-m+fp/hard/crti.o
LOAD c:/program files (x86)/gnu arm embedded toolchain/10 2021.10/bin/../lib/gcc/arm-none-eabi/10.3.1/thumb/v7e-m+fp/hard/crtbegin.o
LOAD c:/program files (x86)/gnu arm embedded toolchain/10 2021.10/bin/../lib/gcc/arm-none-eabi/10.3.1/../../../../arm-none-eabi/lib/thumb/v7e-m+fp/hard/crt0.o
LOAD build/main.o
LOAD build/gpio.o
LOAD build/usart.o
LOAD build/stm32f4xx_nucleo_bus.o
LOAD build/stm32f4xx_it.o
LOAD build/stm32f4xx_hal_msp.o
LOAD build/hci_tl_interface.o
LOAD build/stm32f4xx_hal_spi.o
LOAD build/stm32f4xx_hal_rcc.o
LOAD build/stm32f4xx_hal_rcc_ex.o
LOAD build/stm32f4xx_hal_flash.o
LOAD build/stm32f4xx_hal_flash_ex.o
LOAD build/stm32f4xx_hal_flash_ramfunc.o
LOAD build/stm32f4xx_hal_gpio.o
LOAD build/stm32f4xx_hal_dma_ex.o
LOAD build/stm32f4xx_hal_dma.o
LOAD build/stm32f4xx_hal_pwr.o
LOAD build/stm32f4xx_hal_pwr_ex.o
LOAD build/stm32f4xx_hal_cortex.o
LOAD build/stm32f4xx_hal.o
LOAD build/stm32f4xx_hal_exti.o
LOAD build/stm32f4xx_hal_tim.o
LOAD build/stm32f4xx_hal_tim_ex.o
LOAD build/stm32f4xx_hal_uart.o
LOAD build/system_stm32f4xx.o
LOAD build/hci_tl.o
LOAD build/bluenrg1_devConfig.o
LOAD build/bluenrg1_events.o
LOAD build/bluenrg1_events_cb.o
LOAD build/bluenrg1_hci_le.o
LOAD build/ble_list.o
LOAD build/bluenrg1_gap_aci.o
LOAD build/bluenrg1_gatt_aci.o
LOAD build/bluenrg1_hal_aci.o
LOAD build/bluenrg1_l2cap_aci.o
LOAD build/startup_stm32f411xe.o
LOAD c:/program files (x86)/gnu arm embedded toolchain/10 2021.10/bin/../lib/gcc/arm-none-eabi/10.3.1/../../../../arm-none-eabi/lib/thumb/v7e-m+fp/hard\libc_nano.a
LOAD c:/program files (x86)/gnu arm embedded toolchain/10 2021.10/bin/../lib/gcc/arm-none-eabi/10.3.1/../../../../arm-none-eabi/lib/thumb/v7e-m+fp/hard\libm.a
LOAD c:/program files (x86)/gnu arm embedded toolchain/10 2021.10/bin/../lib/gcc/arm-none-eabi/10.3.1/../../../../arm-none-eabi/lib/thumb/v7e-m+fp/hard\libnosys.a
START GROUP
LOAD c:/program files (x86)/gnu arm embedded toolchain/10 2021.10/bin/../lib/gcc/arm-none-eabi/10.3.1/thumb/v7e-m+fp/hard\libgcc.a
LOAD c:/program files (x86)/gnu arm embedded toolchain/10 2021.10/bin/../lib/gcc/arm-none-eabi/10.3.1/../../../../arm-none-eabi/lib/thumb/v7e-m+fp/hard\libc_nano.a
END GROUP
START GROUP
LOAD c:/program files (x86)/gnu arm embedded toolchain/10 2021.10/bin/../lib/gcc/arm-none-eabi/10.3.1/thumb/v7e-m+fp/hard\libgcc.a
LOAD c:/program files (x86)/gnu arm embedded toolchain/10 2021.10/bin/../lib/gcc/arm-none-eabi/10.3.1/../../../../arm-none-eabi/lib/thumb/v7e-m+fp/hard\libc_nano.a
END GROUP
LOAD c:/program files (x86)/gnu arm embedded toolchain/10 2021.10/bin/../lib/gcc/arm-none-eabi/10.3.1/thumb/v7e-m+fp/hard/crtend.o
LOAD c:/program files (x86)/gnu arm embedded toolchain/10 2021.10/bin/../lib/gcc/arm-none-eabi/10.3.1/thumb/v7e-m+fp/hard/crtn.o
                0x20020000                _estack = (ORIGIN (RAM) + LENGTH (RAM))
                0x00000200                _Min_Heap_Size = 0x200
                0x00000400                _Min_Stack_Size = 0x400

.isr_vector     0x08000000      0x198
                0x08000000                . = ALIGN (0x4)
 *(.isr_vector)
 .isr_vector    0x08000000      0x198 build/startup_stm32f411xe.o
                0x08000000                g_pfnVectors
                0x08000198                . = ALIGN (0x4)

.text           0x08000198     0x1294
                0x08000198                . = ALIGN (0x4)
 *(.text)
 .text          0x08000198       0x40 c:/program files (x86)/gnu arm embedded toolchain/10 2021.10/bin/../lib/gcc/arm-none-eabi/10.3.1/thumb/v7e-m+fp/hard/crtbegin.o
 .text          0x080001d8       0x30 c:/program files (x86)/gnu arm embedded toolchain/10 2021.10/bin/../lib/gcc/arm-none-eabi/10.3.1/thumb/v7e-m+fp/hard\libgcc.a(_aeabi_uldivmod.o)
                0x080001d8                __aeabi_uldivmod
 .text          0x08000208      0x2d0 c:/program files (x86)/gnu arm embedded toolchain/10 2021.10/bin/../lib/gcc/arm-none-eabi/10.3.1/thumb/v7e-m+fp/hard\libgcc.a(_udivmoddi4.o)
                0x08000208                __udivmoddi4
 .text          0x080004d8        0x4 c:/program files (x86)/gnu arm embedded toolchain/10 2021.10/bin/../lib/gcc/arm-none-eabi/10.3.1/thumb/v7e-m+fp/hard\libgcc.a(_dvmd_tls.o)
                0x080004d8                __aeabi_idiv0
                0x080004d8                __aeabi_ldiv0
 *(.text*)
 .text.Error_Handler
                0x080004dc        0x4 build/main.o
                0x080004dc                Error_Handler
 .text.SystemClock_Config
                0x080004e0       0xa0 build/main.o
                0x080004e0                SystemClock_Config
 .text.main     0x08000580       0x1c build/main.o
                0x08000580                main
 .text.MX_GPIO_Init
                0x0800059c       0xdc build/gpio.o
                0x0800059c                MX_GPIO_Init
 .text.MX_USART2_UART_Init
                0x08000678       0x34 build/usart.o
                0x08000678                MX_USART2_UART_Init
 .text.HAL_UART_MspInit
                0x080006ac       0x70 build/usart.o
                0x080006ac                HAL_UART_MspInit
 .text.NMI_Handler
                0x0800071c        0x2 build/stm32f4xx_it.o
                0x0800071c                NMI_Handler
 .text.HardFault_Handler
                0x0800071e        0x2 build/stm32f4xx_it.o
                0x0800071e                HardFault_Handler
 .text.MemManage_Handler
                0x08000720        0x2 build/stm32f4xx_it.o
                0x08000720                MemManage_Handler
 .text.BusFault_Handler
                0x08000722        0x2 build/stm32f4xx_it.o
                0x08000722                BusFault_Handler
 .text.UsageFault_Handler
                0x08000724        0x2 build/stm32f4xx_it.o
                0x08000724                UsageFault_Handler
 .text.SVC_Handler
                0x08000726        0x2 build/stm32f4xx_it.o
                0x08000726                SVC_Handler
 .text.DebugMon_Handler
                0x08000728        0x2 build/stm32f4xx_it.o
                0x08000728                DebugMon_Handler
 .text.PendSV_Handler
                0x0800072a        0x2 build/stm32f4xx_it.o
                0x0800072a                PendSV_Handler
 .text.SysTick_Handler
                0x0800072c        0x8 build/stm32f4xx_it.o
                0x0800072c                SysTick_Handler
 .text.EXTI0_IRQHandler
                0x08000734       0x10 build/stm32f4xx_it.o
                0x08000734                EXTI0_IRQHandler
 .text.EXTI15_10_IRQHandler
                0x08000744        0xc build/stm32f4xx_it.o
                0x08000744                EXTI15_10_IRQHandler
 .text.HAL_MspInit
                0x08000750       0x40 build/stm32f4xx_hal_msp.o
                0x08000750                HAL_MspInit
 .text.HAL_RCC_OscConfig
                0x08000790      0x3f8 build/stm32f4xx_hal_rcc.o
                0x08000790                HAL_RCC_OscConfig
 .text.HAL_RCC_GetSysClockFreq
                0x08000b88       0xdc build/stm32f4xx_hal_rcc.o
                0x08000b88                HAL_RCC_GetSysClockFreq
 .text.HAL_RCC_ClockConfig
                0x08000c64      0x160 build/stm32f4xx_hal_rcc.o
                0x08000c64                HAL_RCC_ClockConfig
 .text.HAL_RCC_GetHCLKFreq
                0x08000dc4        0xc build/stm32f4xx_hal_rcc.o
                0x08000dc4                HAL_RCC_GetHCLKFreq
 .text.HAL_RCC_GetPCLK1Freq
                0x08000dd0       0x20 build/stm32f4xx_hal_rcc.o
                0x08000dd0                HAL_RCC_GetPCLK1Freq
 .text.HAL_RCC_GetPCLK2Freq
                0x08000df0       0x20 build/stm32f4xx_hal_rcc.o
                0x08000df0                HAL_RCC_GetPCLK2Freq
 .text.HAL_GPIO_Init
                0x08000e10      0x1c8 build/stm32f4xx_hal_gpio.o
                0x08000e10                HAL_GPIO_Init
 .text.HAL_GPIO_WritePin
                0x08000fd8        0xc build/stm32f4xx_hal_gpio.o
                0x08000fd8                HAL_GPIO_WritePin
 .text.HAL_GPIO_EXTI_Callback
                0x08000fe4        0x2 build/stm32f4xx_hal_gpio.o
                0x08000fe4                HAL_GPIO_EXTI_Callback
 *fill*         0x08000fe6        0x2 
 .text.HAL_GPIO_EXTI_IRQHandler
                0x08000fe8       0x1c build/stm32f4xx_hal_gpio.o
                0x08000fe8                HAL_GPIO_EXTI_IRQHandler
 .text.__NVIC_SetPriority
                0x08001004       0x28 build/stm32f4xx_hal_cortex.o
 .text.NVIC_EncodePriority
                0x0800102c       0x3e build/stm32f4xx_hal_cortex.o
 *fill*         0x0800106a        0x2 
 .text.HAL_NVIC_SetPriorityGrouping
                0x0800106c       0x24 build/stm32f4xx_hal_cortex.o
                0x0800106c                HAL_NVIC_SetPriorityGrouping
 .text.HAL_NVIC_SetPriority
                0x08001090       0x20 build/stm32f4xx_hal_cortex.o
                0x08001090                HAL_NVIC_SetPriority
 .text.HAL_NVIC_EnableIRQ
                0x080010b0       0x1c build/stm32f4xx_hal_cortex.o
                0x080010b0                HAL_NVIC_EnableIRQ
 .text.HAL_SYSTICK_Config
                0x080010cc       0x28 build/stm32f4xx_hal_cortex.o
                0x080010cc                HAL_SYSTICK_Config
 .text.HAL_InitTick
                0x080010f4       0x4c build/stm32f4xx_hal.o
                0x080010f4                HAL_InitTick
 .text.HAL_Init
                0x08001140       0x34 build/stm32f4xx_hal.o
                0x08001140                HAL_Init
 .text.HAL_IncTick
                0x08001174       0x18 build/stm32f4xx_hal.o
                0x08001174                HAL_IncTick
 .text.HAL_GetTick
                0x0800118c        0xc build/stm32f4xx_hal.o
                0x0800118c                HAL_GetTick
 .text.HAL_Delay
                0x08001198       0x28 build/stm32f4xx_hal.o
                0x08001198                HAL_Delay
 .text.HAL_EXTI_IRQHandler
                0x080011c0       0x24 build/stm32f4xx_hal_exti.o
                0x080011c0                HAL_EXTI_IRQHandler
 .text.UART_SetConfig
                0x080011e4      0x110 build/stm32f4xx_hal_uart.o
 .text.HAL_UART_Init
                0x080012f4       0x5e build/stm32f4xx_hal_uart.o
                0x080012f4                HAL_UART_Init
 *fill*         0x08001352        0x2 
 .text.SystemInit
                0x08001354       0x14 build/system_stm32f4xx.o
                0x08001354                SystemInit
 .text.Reset_Handler
                0x08001368       0x50 build/startup_stm32f411xe.o
                0x08001368                Reset_Handler
 .text.Default_Handler
                0x080013b8        0x2 build/startup_stm32f411xe.o
                0x080013b8                RTC_Alarm_IRQHandler
                0x080013b8                EXTI2_IRQHandler
                0x080013b8                SPI4_IRQHandler
                0x080013b8                TIM1_CC_IRQHandler
                0x080013b8                DMA2_Stream5_IRQHandler
                0x080013b8                DMA1_Stream5_IRQHandler
                0x080013b8                PVD_IRQHandler
                0x080013b8                SDIO_IRQHandler
                0x080013b8                TAMP_STAMP_IRQHandler
                0x080013b8                EXTI3_IRQHandler
                0x080013b8                TIM1_UP_TIM10_IRQHandler
                0x080013b8                I2C3_ER_IRQHandler
                0x080013b8                I2C2_EV_IRQHandler
                0x080013b8                DMA1_Stream2_IRQHandler
                0x080013b8                FPU_IRQHandler
                0x080013b8                DMA2_Stream2_IRQHandler
                0x080013b8                SPI1_IRQHandler
                0x080013b8                TIM1_BRK_TIM9_IRQHandler
                0x080013b8                DMA2_Stream3_IRQHandler
                0x080013b8                USART6_IRQHandler
                0x080013b8                DMA2_Stream0_IRQHandler
                0x080013b8                TIM4_IRQHandler
                0x080013b8                I2C1_EV_IRQHandler
                0x080013b8                DMA1_Stream6_IRQHandler
                0x080013b8                DMA1_Stream1_IRQHandler
                0x080013b8                TIM3_IRQHandler
                0x080013b8                RCC_IRQHandler
                0x080013b8                Default_Handler
                0x080013b8                ADC_IRQHandler
                0x080013b8                DMA1_Stream7_IRQHandler
                0x080013b8                SPI5_IRQHandler
                0x080013b8                TIM5_IRQHandler
                0x080013b8                DMA2_Stream7_IRQHandler
                0x080013b8                I2C3_EV_IRQHandler
                0x080013b8                EXTI9_5_IRQHandler
                0x080013b8                RTC_WKUP_IRQHandler
                0x080013b8                SPI2_IRQHandler
                0x080013b8                DMA1_Stream0_IRQHandler
                0x080013b8                EXTI4_IRQHandler
                0x080013b8                WWDG_IRQHandler
                0x080013b8                TIM2_IRQHandler
                0x080013b8                OTG_FS_WKUP_IRQHandler
                0x080013b8                TIM1_TRG_COM_TIM11_IRQHandler
                0x080013b8                EXTI1_IRQHandler
                0x080013b8                USART2_IRQHandler
                0x080013b8                I2C2_ER_IRQHandler
                0x080013b8                DMA2_Stream1_IRQHandler
                0x080013b8                FLASH_IRQHandler
                0x080013b8                DMA2_Stream4_IRQHandler
                0x080013b8                USART1_IRQHandler
                0x080013b8                OTG_FS_IRQHandler
                0x080013b8                SPI3_IRQHandler
                0x080013b8                DMA1_Stream4_IRQHandler
                0x080013b8                I2C1_ER_IRQHandler
                0x080013b8                DMA2_Stream6_IRQHandler
                0x080013b8                DMA1_Stream3_IRQHandler
 *fill*         0x080013ba        0x2 
 .text.__libc_init_array
                0x080013bc       0x48 c:/program files (x86)/gnu arm embedded toolchain/10 2021.10/bin/../lib/gcc/arm-none-eabi/10.3.1/../../../../arm-none-eabi/lib/thumb/v7e-m+fp/hard\libc_nano.a(lib_a-init.o)
                0x080013bc                __libc_init_array
 .text.memset   0x08001404       0x10 c:/program files (x86)/gnu arm embedded toolchain/10 2021.10/bin/../lib/gcc/arm-none-eabi/10.3.1/../../../../arm-none-eabi/lib/thumb/v7e-m+fp/hard\libc_nano.a(lib_a-memset.o)
                0x08001404                memset
 *(.glue_7)
 .glue_7        0x08001414        0x0 linker stubs
 *(.glue_7t)
 .glue_7t       0x08001414        0x0 linker stubs
 *(.eh_frame)
 .eh_frame      0x08001414        0x0 c:/program files (x86)/gnu arm embedded toolchain/10 2021.10/bin/../lib/gcc/arm-none-eabi/10.3.1/thumb/v7e-m+fp/hard/crtbegin.o
 *(.init)
 .init          0x08001414        0x4 c:/program files (x86)/gnu arm embedded toolchain/10 2021.10/bin/../lib/gcc/arm-none-eabi/10.3.1/thumb/v7e-m+fp/hard/crti.o
                0x08001414                _init
 .init          0x08001418        0x8 c:/program files (x86)/gnu arm embedded toolchain/10 2021.10/bin/../lib/gcc/arm-none-eabi/10.3.1/thumb/v7e-m+fp/hard/crtn.o
 *(.fini)
 .fini          0x08001420        0x4 c:/program files (x86)/gnu arm embedded toolchain/10 2021.10/bin/../lib/gcc/arm-none-eabi/10.3.1/thumb/v7e-m+fp/hard/crti.o
                0x08001420                _fini
 .fini          0x08001424        0x8 c:/program files (x86)/gnu arm embedded toolchain/10 2021.10/bin/../lib/gcc/arm-none-eabi/10.3.1/thumb/v7e-m+fp/hard/crtn.o
                0x0800142c                . = ALIGN (0x4)
                0x0800142c                _etext = .

.vfp11_veneer   0x0800142c        0x0
 .vfp11_veneer  0x0800142c        0x0 linker stubs

.v4_bx          0x0800142c        0x0
 .v4_bx         0x0800142c        0x0 linker stubs

.iplt           0x0800142c        0x0
 .iplt          0x0800142c        0x0 c:/program files (x86)/gnu arm embedded toolchain/10 2021.10/bin/../lib/gcc/arm-none-eabi/10.3.1/thumb/v7e-m+fp/hard/crtbegin.o

.rodata         0x0800142c       0x18
                0x0800142c                . = ALIGN (0x4)
 *(.rodata)
 *(.rodata*)
 .rodata.APBPrescTable
                0x0800142c        0x8 build/system_stm32f4xx.o
                0x0800142c                APBPrescTable
 .rodata.AHBPrescTable
                0x08001434       0x10 build/system_stm32f4xx.o
                0x08001434                AHBPrescTable
                0x08001444                . = ALIGN (0x4)

.ARM.extab
 *(.ARM.extab* .gnu.linkonce.armextab.*)

.ARM            0x08001444        0x8
                0x08001444                __exidx_start = .
 *(.ARM.exidx*)
 .ARM.exidx     0x08001444        0x8 c:/program files (x86)/gnu arm embedded toolchain/10 2021.10/bin/../lib/gcc/arm-none-eabi/10.3.1/thumb/v7e-m+fp/hard\libgcc.a(_udivmoddi4.o)
                0x0800144c                __exidx_end = .

.rel.dyn        0x0800144c        0x0
 .rel.iplt      0x0800144c        0x0 c:/program files (x86)/gnu arm embedded toolchain/10 2021.10/bin/../lib/gcc/arm-none-eabi/10.3.1/thumb/v7e-m+fp/hard/crtbegin.o

.preinit_array  0x0800144c        0x0
                0x0800144c                PROVIDE (__preinit_array_start = .)
 *(.preinit_array*)
                0x0800144c                PROVIDE (__preinit_array_end = .)

.init_array     0x0800144c        0x4
                0x0800144c                PROVIDE (__init_array_start = .)
 *(SORT_BY_NAME(.init_array.*))
 *(.init_array*)
 .init_array    0x0800144c        0x4 c:/program files (x86)/gnu arm embedded toolchain/10 2021.10/bin/../lib/gcc/arm-none-eabi/10.3.1/thumb/v7e-m+fp/hard/crtbegin.o
                0x08001450                PROVIDE (__init_array_end = .)

.fini_array     0x08001450        0x4
                [!provide]                PROVIDE (__fini_array_start = .)
 *(SORT_BY_NAME(.fini_array.*))
 *(.fini_array*)
 .fini_array    0x08001450        0x4 c:/program files (x86)/gnu arm embedded toolchain/10 2021.10/bin/../lib/gcc/arm-none-eabi/10.3.1/thumb/v7e-m+fp/hard/crtbegin.o
                [!provide]                PROVIDE (__fini_array_end = .)
                0x08001454                _sidata = LOADADDR (.data)

.data           0x20000000        0xc load address 0x08001454
                0x20000000                . = ALIGN (0x4)
                0x20000000                _sdata = .
 *(.data)
 *(.data*)
 .data.uwTickFreq
                0x20000000        0x1 build/stm32f4xx_hal.o
                0x20000000                uwTickFreq
 *fill*         0x20000001        0x3 
 .data.uwTickPrio
                0x20000004        0x4 build/stm32f4xx_hal.o
                0x20000004                uwTickPrio
 .data.SystemCoreClock
                0x20000008        0x4 build/system_stm32f4xx.o
                0x20000008                SystemCoreClock
                0x2000000c                . = ALIGN (0x4)
                0x2000000c                _edata = .

.igot.plt       0x2000000c        0x0 load address 0x08001460
 .igot.plt      0x2000000c        0x0 c:/program files (x86)/gnu arm embedded toolchain/10 2021.10/bin/../lib/gcc/arm-none-eabi/10.3.1/thumb/v7e-m+fp/hard/crtbegin.o
                0x2000000c                . = ALIGN (0x4)

.bss            0x2000000c       0x6c load address 0x08001460
                0x2000000c                _sbss = .
                0x2000000c                __bss_start__ = _sbss
 *(.bss)
 .bss           0x2000000c       0x1c c:/program files (x86)/gnu arm embedded toolchain/10 2021.10/bin/../lib/gcc/arm-none-eabi/10.3.1/thumb/v7e-m+fp/hard/crtbegin.o
 *(.bss*)
 .bss.huart2    0x20000028       0x44 build/usart.o
                0x20000028                huart2
 .bss.hexti0    0x2000006c        0x8 build/hci_tl_interface.o
                0x2000006c                hexti0
 .bss.uwTick    0x20000074        0x4 build/stm32f4xx_hal.o
                0x20000074                uwTick
 *(COMMON)
                0x20000078                . = ALIGN (0x4)
                0x20000078                _ebss = .
                0x20000078                __bss_end__ = _ebss

._user_heap_stack
                0x20000078      0x600 load address 0x08001460
                0x20000078                . = ALIGN (0x8)
                [!provide]                PROVIDE (end = .)
                [!provide]                PROVIDE (_end = .)
                0x20000278                . = (. + _Min_Heap_Size)
 *fill*         0x20000078      0x200 
                0x20000678                . = (. + _Min_Stack_Size)
 *fill*         0x20000278      0x400 
                0x20000678                . = ALIGN (0x8)

/DISCARD/
 libc.a(*)
 libm.a(*)
 libgcc.a(*)

.ARM.attributes
                0x00000000       0x30
 *(.ARM.attributes)
 .ARM.attributes
                0x00000000       0x1e c:/program files (x86)/gnu arm embedded toolchain/10 2021.10/bin/../lib/gcc/arm-none-eabi/10.3.1/thumb/v7e-m+fp/hard/crti.o
 .ARM.attributes
                0x0000001e       0x34 c:/program files (x86)/gnu arm embedded toolchain/10 2021.10/bin/../lib/gcc/arm-none-eabi/10.3.1/thumb/v7e-m+fp/hard/crtbegin.o
 .ARM.attributes
                0x00000052       0x34 build/main.o
 .ARM.attributes
                0x00000086       0x34 build/gpio.o
 .ARM.attributes
                0x000000ba       0x34 build/usart.o
 .ARM.attributes
                0x000000ee       0x34 build/stm32f4xx_it.o
 .ARM.attributes
                0x00000122       0x34 build/stm32f4xx_hal_msp.o
 .ARM.attributes
                0x00000156       0x34 build/hci_tl_interface.o
 .ARM.attributes
                0x0000018a       0x34 build/stm32f4xx_hal_rcc.o
 .ARM.attributes
                0x000001be       0x34 build/stm32f4xx_hal_gpio.o
 .ARM.attributes
                0x000001f2       0x34 build/stm32f4xx_hal_cortex.o
 .ARM.attributes
                0x00000226       0x34 build/stm32f4xx_hal.o
 .ARM.attributes
                0x0000025a       0x34 build/stm32f4xx_hal_exti.o
 .ARM.attributes
                0x0000028e       0x34 build/stm32f4xx_hal_uart.o
 .ARM.attributes
                0x000002c2       0x34 build/system_stm32f4xx.o
 .ARM.attributes
                0x000002f6       0x21 build/startup_stm32f411xe.o
 .ARM.attributes
                0x00000317       0x34 c:/program files (x86)/gnu arm embedded toolchain/10 2021.10/bin/../lib/gcc/arm-none-eabi/10.3.1/../../../../arm-none-eabi/lib/thumb/v7e-m+fp/hard\libc_nano.a(lib_a-init.o)
 .ARM.attributes
                0x0000034b       0x34 c:/program files (x86)/gnu arm embedded toolchain/10 2021.10/bin/../lib/gcc/arm-none-eabi/10.3.1/../../../../arm-none-eabi/lib/thumb/v7e-m+fp/hard\libc_nano.a(lib_a-memset.o)
 .ARM.attributes
                0x0000037f       0x1e c:/program files (x86)/gnu arm embedded toolchain/10 2021.10/bin/../lib/gcc/arm-none-eabi/10.3.1/thumb/v7e-m+fp/hard\libgcc.a(_aeabi_uldivmod.o)
 .ARM.attributes
                0x0000039d       0x34 c:/program files (x86)/gnu arm embedded toolchain/10 2021.10/bin/../lib/gcc/arm-none-eabi/10.3.1/thumb/v7e-m+fp/hard\libgcc.a(_udivmoddi4.o)
 .ARM.attributes
                0x000003d1       0x1e c:/program files (x86)/gnu arm embedded toolchain/10 2021.10/bin/../lib/gcc/arm-none-eabi/10.3.1/thumb/v7e-m+fp/hard\libgcc.a(_dvmd_tls.o)
 .ARM.attributes
                0x000003ef       0x1e c:/program files (x86)/gnu arm embedded toolchain/10 2021.10/bin/../lib/gcc/arm-none-eabi/10.3.1/thumb/v7e-m+fp/hard/crtn.o
OUTPUT(build/01_ProjectVSCode.elf elf32-littlearm)
LOAD linker stubs
LOAD c:/program files (x86)/gnu arm embedded toolchain/10 2021.10/bin/../lib/gcc/arm-none-eabi/10.3.1/../../../../arm-none-eabi/lib/thumb/v7e-m+fp/hard\libc.a
LOAD c:/program files (x86)/gnu arm embedded toolchain/10 2021.10/bin/../lib/gcc/arm-none-eabi/10.3.1/../../../../arm-none-eabi/lib/thumb/v7e-m+fp/hard\libm.a
LOAD c:/program files (x86)/gnu arm embedded toolchain/10 2021.10/bin/../lib/gcc/arm-none-eabi/10.3.1/thumb/v7e-m+fp/hard\libgcc.a

.debug_info     0x00000000     0x9fb7
 .debug_info    0x00000000      0x65d build/main.o
 .debug_info    0x0000065d      0x6d0 build/gpio.o
 .debug_info    0x00000d2d      0x98c build/usart.o
 .debug_info    0x000016b9      0x1f8 build/stm32f4xx_it.o
 .debug_info    0x000018b1      0x2b3 build/stm32f4xx_hal_msp.o
 .debug_info    0x00001b64      0xe92 build/hci_tl_interface.o
 .debug_info    0x000029f6      0xab0 build/stm32f4xx_hal_rcc.o
 .debug_info    0x000034a6      0x73a build/stm32f4xx_hal_gpio.o
 .debug_info    0x00003be0      0xeed build/stm32f4xx_hal_cortex.o
 .debug_info    0x00004acd      0x962 build/stm32f4xx_hal.o
 .debug_info    0x0000542f      0x572 build/stm32f4xx_hal_exti.o
 .debug_info    0x000059a1     0x4093 build/stm32f4xx_hal_uart.o
 .debug_info    0x00009a34      0x553 build/system_stm32f4xx.o
 .debug_info    0x00009f87       0x30 build/startup_stm32f411xe.o

.debug_abbrev   0x00000000     0x1bbf
 .debug_abbrev  0x00000000      0x1e3 build/main.o
 .debug_abbrev  0x000001e3      0x185 build/gpio.o
 .debug_abbrev  0x00000368      0x216 build/usart.o
 .debug_abbrev  0x0000057e      0x115 build/stm32f4xx_it.o
 .debug_abbrev  0x00000693       0xfb build/stm32f4xx_hal_msp.o
 .debug_abbrev  0x0000078e      0x2db build/hci_tl_interface.o
 .debug_abbrev  0x00000a69      0x2c5 build/stm32f4xx_hal_rcc.o
 .debug_abbrev  0x00000d2e      0x201 build/stm32f4xx_hal_gpio.o
 .debug_abbrev  0x00000f2f      0x39b build/stm32f4xx_hal_cortex.o
 .debug_abbrev  0x000012ca      0x277 build/stm32f4xx_hal.o
 .debug_abbrev  0x00001541      0x200 build/stm32f4xx_hal_exti.o
 .debug_abbrev  0x00001741      0x33c build/stm32f4xx_hal_uart.o
 .debug_abbrev  0x00001a7d      0x11e build/system_stm32f4xx.o
 .debug_abbrev  0x00001b9b       0x24 build/startup_stm32f411xe.o

.debug_loc      0x00000000       0x66
 .debug_loc     0x00000000       0x66 build/main.o

.debug_aranges  0x00000000      0x6d0
 .debug_aranges
                0x00000000       0x30 build/main.o
 .debug_aranges
                0x00000030       0x20 build/gpio.o
 .debug_aranges
                0x00000050       0x30 build/usart.o
 .debug_aranges
                0x00000080       0x70 build/stm32f4xx_it.o
 .debug_aranges
                0x000000f0       0x20 build/stm32f4xx_hal_msp.o
 .debug_aranges
                0x00000110       0x68 build/hci_tl_interface.o
 .debug_aranges
                0x00000178       0x88 build/stm32f4xx_hal_rcc.o
 .debug_aranges
                0x00000200       0x58 build/stm32f4xx_hal_gpio.o
 .debug_aranges
                0x00000258       0xd8 build/stm32f4xx_hal_cortex.o
 .debug_aranges
                0x00000330       0xf0 build/stm32f4xx_hal.o
 .debug_aranges
                0x00000420       0x60 build/stm32f4xx_hal_exti.o
 .debug_aranges
                0x00000480      0x200 build/stm32f4xx_hal_uart.o
 .debug_aranges
                0x00000680       0x28 build/system_stm32f4xx.o
 .debug_aranges
                0x000006a8       0x28 build/startup_stm32f411xe.o

.debug_ranges   0x00000000       0x20
 .debug_ranges  0x00000000       0x20 build/main.o

.debug_line     0x00000000     0x8829
 .debug_line    0x00000000      0x329 build/main.o
 .debug_line    0x00000329      0x2c6 build/gpio.o
 .debug_line    0x000005ef      0x37f build/usart.o
 .debug_line    0x0000096e      0x379 build/stm32f4xx_it.o
 .debug_line    0x00000ce7      0x251 build/stm32f4xx_hal_msp.o
 .debug_line    0x00000f38      0x61a build/hci_tl_interface.o
 .debug_line    0x00001552      0xbc2 build/stm32f4xx_hal_rcc.o
 .debug_line    0x00002114      0x75e build/stm32f4xx_hal_gpio.o
 .debug_line    0x00002872      0x8d0 build/stm32f4xx_hal_cortex.o
 .debug_line    0x00003142      0x625 build/stm32f4xx_hal.o
 .debug_line    0x00003767      0x6a5 build/stm32f4xx_hal_exti.o
 .debug_line    0x00003e0c     0x469a build/stm32f4xx_hal_uart.o
 .debug_line    0x000084a6      0x30d build/system_stm32f4xx.o
 .debug_line    0x000087b3       0x76 build/startup_stm32f411xe.o

.debug_str      0x00000000     0x2454
 .debug_str     0x00000000      0x461 build/main.o
                                0x4b2 (size before relaxing)
 .debug_str     0x00000461      0x577 build/gpio.o
                                0x74b (size before relaxing)
 .debug_str     0x000009d8      0x45a build/usart.o
                                0x817 (size before relaxing)
 .debug_str     0x00000e32      0x131 build/stm32f4xx_it.o
                                0x2d0 (size before relaxing)
 .debug_str     0x00000f63       0x46 build/stm32f4xx_hal_msp.o
                                0x2e1 (size before relaxing)
 .debug_str     0x00000fa9      0x26a build/hci_tl_interface.o
                                0xa5f (size before relaxing)
 .debug_str     0x00001213      0x228 build/stm32f4xx_hal_rcc.o
                                0x70f (size before relaxing)
 .debug_str     0x0000143b       0xed build/stm32f4xx_hal_gpio.o
                                0x4e9 (size before relaxing)
 .debug_str     0x00001528      0x4a4 build/stm32f4xx_hal_cortex.o
                                0xacb (size before relaxing)
 .debug_str     0x000019cc      0x295 build/stm32f4xx_hal.o
                                0xa15 (size before relaxing)
 .debug_str     0x00001c61      0x12f build/stm32f4xx_hal_exti.o
                                0x3d8 (size before relaxing)
 .debug_str     0x00001d90      0x64b build/stm32f4xx_hal_uart.o
                                0xd50 (size before relaxing)
 .debug_str     0x000023db       0x47 build/system_stm32f4xx.o
                                0x37e (size before relaxing)
 .debug_str     0x00002422       0x32 build/startup_stm32f411xe.o
                                 0x75 (size before relaxing)

.comment        0x00000000       0x82
 .comment       0x00000000       0x49 build/main.o
                                 0x4a (size before relaxing)
 .comment       0x00000049       0x39 build/gpio.o
                                 0x3a (size before relaxing)
 .comment       0x00000082       0x3a build/usart.o
 .comment       0x00000082       0x3a build/stm32f4xx_it.o
 .comment       0x00000082       0x3a build/stm32f4xx_hal_msp.o
 .comment       0x00000082       0x3a build/hci_tl_interface.o
 .comment       0x00000082       0x3a build/stm32f4xx_hal_rcc.o
 .comment       0x00000082       0x3a build/stm32f4xx_hal_gpio.o
 .comment       0x00000082       0x3a build/stm32f4xx_hal_cortex.o
 .comment       0x00000082       0x3a build/stm32f4xx_hal.o
 .comment       0x00000082       0x3a build/stm32f4xx_hal_exti.o
 .comment       0x00000082       0x3a build/stm32f4xx_hal_uart.o
 .comment       0x00000082       0x3a build/system_stm32f4xx.o

.debug_frame    0x00000000     0x1094
 .debug_frame   0x00000000       0x58 build/main.o
 .debug_frame   0x00000058       0x34 build/gpio.o
 .debug_frame   0x0000008c       0x60 build/usart.o
 .debug_frame   0x000000ec       0xd8 build/stm32f4xx_it.o
 .debug_frame   0x000001c4       0x2c build/stm32f4xx_hal_msp.o
 .debug_frame   0x000001f0      0x134 build/hci_tl_interface.o
 .debug_frame   0x00000324      0x16c build/stm32f4xx_hal_rcc.o
 .debug_frame   0x00000490       0xd8 build/stm32f4xx_hal_gpio.o
 .debug_frame   0x00000568      0x1cc build/stm32f4xx_hal_cortex.o
 .debug_frame   0x00000734      0x1ec build/stm32f4xx_hal.o
 .debug_frame   0x00000920       0xd4 build/stm32f4xx_hal_exti.o
 .debug_frame   0x000009f4      0x5c4 build/stm32f4xx_hal_uart.o
 .debug_frame   0x00000fb8       0x30 build/system_stm32f4xx.o
 .debug_frame   0x00000fe8       0x2c c:/program files (x86)/gnu arm embedded toolchain/10 2021.10/bin/../lib/gcc/arm-none-eabi/10.3.1/../../../../arm-none-eabi/lib/thumb/v7e-m+fp/hard\libc_nano.a(lib_a-init.o)
 .debug_frame   0x00001014       0x20 c:/program files (x86)/gnu arm embedded toolchain/10 2021.10/bin/../lib/gcc/arm-none-eabi/10.3.1/../../../../arm-none-eabi/lib/thumb/v7e-m+fp/hard\libc_nano.a(lib_a-memset.o)
 .debug_frame   0x00001034       0x2c c:/program files (x86)/gnu arm embedded toolchain/10 2021.10/bin/../lib/gcc/arm-none-eabi/10.3.1/thumb/v7e-m+fp/hard\libgcc.a(_aeabi_uldivmod.o)
 .debug_frame   0x00001060       0x34 c:/program files (x86)/gnu arm embedded toolchain/10 2021.10/bin/../lib/gcc/arm-none-eabi/10.3.1/thumb/v7e-m+fp/hard\libgcc.a(_udivmoddi4.o)

.debug_rnglists
                0x00000000      0x505
 .debug_rnglists
                0x00000000       0x14 build/gpio.o
 .debug_rnglists
                0x00000014       0x1f build/usart.o
 .debug_rnglists
                0x00000033       0x4f build/stm32f4xx_it.o
 .debug_rnglists
                0x00000082       0x13 build/stm32f4xx_hal_msp.o
 .debug_rnglists
                0x00000095       0x5c build/hci_tl_interface.o
 .debug_rnglists
                0x000000f1       0x75 build/stm32f4xx_hal_rcc.o
 .debug_rnglists
                0x00000166       0x3f build/stm32f4xx_hal_gpio.o
 .debug_rnglists
                0x000001a5       0x9d build/stm32f4xx_hal_cortex.o
 .debug_rnglists
                0x00000242       0xaf build/stm32f4xx_hal.o
 .debug_rnglists
                0x000002f1       0x46 build/stm32f4xx_hal_exti.o
 .debug_rnglists
                0x00000337      0x19b build/stm32f4xx_hal_uart.o
 .debug_rnglists
                0x000004d2       0x1a build/system_stm32f4xx.o
 .debug_rnglists
                0x000004ec       0x19 build/startup_stm32f411xe.o

.debug_loclists
                0x00000000     0x3d0f
 .debug_loclists
                0x00000000       0x5c build/usart.o
 .debug_loclists
                0x0000005c      0x162 build/hci_tl_interface.o
 .debug_loclists
                0x000001be      0x3a9 build/stm32f4xx_hal_rcc.o
 .debug_loclists
                0x00000567      0x356 build/stm32f4xx_hal_gpio.o
 .debug_loclists
                0x000008bd      0x439 build/stm32f4xx_hal_cortex.o
 .debug_loclists
                0x00000cf6       0xc9 build/stm32f4xx_hal.o
 .debug_loclists
                0x00000dbf      0x2b8 build/stm32f4xx_hal_exti.o
 .debug_loclists
                0x00001077     0x2bbd build/stm32f4xx_hal_uart.o
 .debug_loclists
                0x00003c34       0xdb build/system_stm32f4xx.o

.debug_line_str
                0x00000000       0x59
 .debug_line_str
                0x00000000       0x59 build/startup_stm32f411xe.o

Cross Reference Table

Symbol                                            File
ADC_IRQHandler                                    build/startup_stm32f411xe.o
AHBPrescTable                                     build/system_stm32f4xx.o
                                                  build/stm32f4xx_hal_rcc.o
APBPrescTable                                     build/system_stm32f4xx.o
                                                  build/stm32f4xx_hal_rcc.o
BSP_GetTick                                       build/stm32f4xx_nucleo_bus.o
                                                  build/hci_tl_interface.o
BSP_SPI1_DeInit                                   build/stm32f4xx_nucleo_bus.o
BSP_SPI1_Init                                     build/stm32f4xx_nucleo_bus.o
                                                  build/hci_tl_interface.o
BSP_SPI1_Recv                                     build/stm32f4xx_nucleo_bus.o
BSP_SPI1_Send                                     build/stm32f4xx_nucleo_bus.o
BSP_SPI1_SendRecv                                 build/stm32f4xx_nucleo_bus.o
                                                  build/hci_tl_interface.o
BusFault_Handler                                  build/stm32f4xx_it.o
DMA1_Stream0_IRQHandler                           build/startup_stm32f411xe.o
DMA1_Stream1_IRQHandler                           build/startup_stm32f411xe.o
DMA1_Stream2_IRQHandler                           build/startup_stm32f411xe.o
DMA1_Stream3_IRQHandler                           build/startup_stm32f411xe.o
DMA1_Stream4_IRQHandler                           build/startup_stm32f411xe.o
DMA1_Stream5_IRQHandler                           build/startup_stm32f411xe.o
DMA1_Stream6_IRQHandler                           build/startup_stm32f411xe.o
DMA1_Stream7_IRQHandler                           build/startup_stm32f411xe.o
DMA2_Stream0_IRQHandler                           build/startup_stm32f411xe.o
DMA2_Stream1_IRQHandler                           build/startup_stm32f411xe.o
DMA2_Stream2_IRQHandler                           build/startup_stm32f411xe.o
DMA2_Stream3_IRQHandler                           build/startup_stm32f411xe.o
DMA2_Stream4_IRQHandler                           build/startup_stm32f411xe.o
DMA2_Stream5_IRQHandler                           build/startup_stm32f411xe.o
DMA2_Stream6_IRQHandler                           build/startup_stm32f411xe.o
DMA2_Stream7_IRQHandler                           build/startup_stm32f411xe.o
DebugMon_Handler                                  build/stm32f4xx_it.o
Default_Handler                                   build/startup_stm32f411xe.o
EXTI0_IRQHandler                                  build/stm32f4xx_it.o
EXTI15_10_IRQHandler                              build/stm32f4xx_it.o
EXTI1_IRQHandler                                  build/startup_stm32f411xe.o
EXTI2_IRQHandler                                  build/startup_stm32f411xe.o
EXTI3_IRQHandler                                  build/startup_stm32f411xe.o
EXTI4_IRQHandler                                  build/startup_stm32f411xe.o
EXTI9_5_IRQHandler                                build/startup_stm32f411xe.o
Error_Handler                                     build/main.o
                                                  build/usart.o
FLASH_Erase_Sector                                build/stm32f4xx_hal_flash_ex.o
                                                  build/stm32f4xx_hal_flash.o
FLASH_FlushCaches                                 build/stm32f4xx_hal_flash_ex.o
                                                  build/stm32f4xx_hal_flash.o
FLASH_IRQHandler                                  build/startup_stm32f411xe.o
FLASH_WaitForLastOperation                        build/stm32f4xx_hal_flash.o
                                                  build/stm32f4xx_hal_flash_ex.o
FPU_IRQHandler                                    build/startup_stm32f411xe.o
HAL_DBGMCU_DisableDBGSleepMode                    build/stm32f4xx_hal.o
HAL_DBGMCU_DisableDBGStandbyMode                  build/stm32f4xx_hal.o
HAL_DBGMCU_DisableDBGStopMode                     build/stm32f4xx_hal.o
HAL_DBGMCU_EnableDBGSleepMode                     build/stm32f4xx_hal.o
HAL_DBGMCU_EnableDBGStandbyMode                   build/stm32f4xx_hal.o
HAL_DBGMCU_EnableDBGStopMode                      build/stm32f4xx_hal.o
HAL_DMAEx_ChangeMemory                            build/stm32f4xx_hal_dma_ex.o
HAL_DMAEx_MultiBufferStart                        build/stm32f4xx_hal_dma_ex.o
HAL_DMAEx_MultiBufferStart_IT                     build/stm32f4xx_hal_dma_ex.o
HAL_DMA_Abort                                     build/stm32f4xx_hal_dma.o
                                                  build/stm32f4xx_hal_uart.o
                                                  build/stm32f4xx_hal_spi.o
HAL_DMA_Abort_IT                                  build/stm32f4xx_hal_dma.o
                                                  build/stm32f4xx_hal_uart.o
                                                  build/stm32f4xx_hal_spi.o
HAL_DMA_DeInit                                    build/stm32f4xx_hal_dma.o
HAL_DMA_GetError                                  build/stm32f4xx_hal_dma.o
                                                  build/stm32f4xx_hal_uart.o
HAL_DMA_GetState                                  build/stm32f4xx_hal_dma.o
HAL_DMA_IRQHandler                                build/stm32f4xx_hal_dma.o
HAL_DMA_Init                                      build/stm32f4xx_hal_dma.o
HAL_DMA_PollForTransfer                           build/stm32f4xx_hal_dma.o
HAL_DMA_RegisterCallback                          build/stm32f4xx_hal_dma.o
HAL_DMA_Start                                     build/stm32f4xx_hal_dma.o
HAL_DMA_Start_IT                                  build/stm32f4xx_hal_dma.o
                                                  build/stm32f4xx_hal_uart.o
                                                  build/stm32f4xx_hal_spi.o
HAL_DMA_UnRegisterCallback                        build/stm32f4xx_hal_dma.o
HAL_DeInit                                        build/stm32f4xx_hal.o
HAL_Delay                                         build/stm32f4xx_hal.o
                                                  build/hci_tl_interface.o
                                                  build/main.o
HAL_DisableCompensationCell                       build/stm32f4xx_hal.o
HAL_EXTI_ClearConfigLine                          build/stm32f4xx_hal_exti.o
HAL_EXTI_ClearPending                             build/stm32f4xx_hal_exti.o
HAL_EXTI_GenerateSWI                              build/stm32f4xx_hal_exti.o
HAL_EXTI_GetConfigLine                            build/stm32f4xx_hal_exti.o
HAL_EXTI_GetHandle                                build/stm32f4xx_hal_exti.o
                                                  build/hci_tl_interface.o
HAL_EXTI_GetPending                               build/stm32f4xx_hal_exti.o
HAL_EXTI_IRQHandler                               build/stm32f4xx_hal_exti.o
                                                  build/stm32f4xx_it.o
HAL_EXTI_RegisterCallback                         build/stm32f4xx_hal_exti.o
                                                  build/hci_tl_interface.o
HAL_EXTI_SetConfigLine                            build/stm32f4xx_hal_exti.o
HAL_EnableCompensationCell                        build/stm32f4xx_hal.o
HAL_FLASHEx_AdvOBGetConfig                        build/stm32f4xx_hal_flash_ex.o
HAL_FLASHEx_AdvOBProgram                          build/stm32f4xx_hal_flash_ex.o
HAL_FLASHEx_DisableFlashSleepMode                 build/stm32f4xx_hal_flash_ramfunc.o
HAL_FLASHEx_EnableFlashSleepMode                  build/stm32f4xx_hal_flash_ramfunc.o
HAL_FLASHEx_Erase                                 build/stm32f4xx_hal_flash_ex.o
HAL_FLASHEx_Erase_IT                              build/stm32f4xx_hal_flash_ex.o
HAL_FLASHEx_OBGetConfig                           build/stm32f4xx_hal_flash_ex.o
HAL_FLASHEx_OBProgram                             build/stm32f4xx_hal_flash_ex.o
HAL_FLASHEx_OB_DeSelectPCROP                      build/stm32f4xx_hal_flash_ex.o
HAL_FLASHEx_OB_SelectPCROP                        build/stm32f4xx_hal_flash_ex.o
HAL_FLASHEx_StartFlashInterfaceClk                build/stm32f4xx_hal_flash_ramfunc.o
HAL_FLASHEx_StopFlashInterfaceClk                 build/stm32f4xx_hal_flash_ramfunc.o
HAL_FLASH_EndOfOperationCallback                  build/stm32f4xx_hal_flash.o
HAL_FLASH_GetError                                build/stm32f4xx_hal_flash.o
HAL_FLASH_IRQHandler                              build/stm32f4xx_hal_flash.o
HAL_FLASH_Lock                                    build/stm32f4xx_hal_flash.o
HAL_FLASH_OB_Launch                               build/stm32f4xx_hal_flash.o
HAL_FLASH_OB_Lock                                 build/stm32f4xx_hal_flash.o
HAL_FLASH_OB_Unlock                               build/stm32f4xx_hal_flash.o
HAL_FLASH_OperationErrorCallback                  build/stm32f4xx_hal_flash.o
HAL_FLASH_Program                                 build/stm32f4xx_hal_flash.o
HAL_FLASH_Program_IT                              build/stm32f4xx_hal_flash.o
HAL_FLASH_Unlock                                  build/stm32f4xx_hal_flash.o
HAL_GPIO_DeInit                                   build/stm32f4xx_hal_gpio.o
                                                  build/hci_tl_interface.o
                                                  build/stm32f4xx_nucleo_bus.o
                                                  build/usart.o
HAL_GPIO_EXTI_Callback                            build/stm32f4xx_hal_gpio.o
HAL_GPIO_EXTI_IRQHandler                          build/stm32f4xx_hal_gpio.o
                                                  build/stm32f4xx_it.o
HAL_GPIO_Init                                     build/stm32f4xx_hal_gpio.o
                                                  build/stm32f4xx_hal_rcc.o
                                                  build/hci_tl_interface.o
                                                  build/stm32f4xx_nucleo_bus.o
                                                  build/usart.o
                                                  build/gpio.o
HAL_GPIO_LockPin                                  build/stm32f4xx_hal_gpio.o
HAL_GPIO_ReadPin                                  build/stm32f4xx_hal_gpio.o
                                                  build/hci_tl_interface.o
HAL_GPIO_TogglePin                                build/stm32f4xx_hal_gpio.o
HAL_GPIO_WritePin                                 build/stm32f4xx_hal_gpio.o
                                                  build/hci_tl_interface.o
                                                  build/gpio.o
HAL_GetDEVID                                      build/stm32f4xx_hal.o
HAL_GetHalVersion                                 build/stm32f4xx_hal.o
HAL_GetREVID                                      build/stm32f4xx_hal.o
HAL_GetTick                                       build/stm32f4xx_hal.o
                                                  build/hci_tl.o
                                                  build/stm32f4xx_hal_uart.o
                                                  build/stm32f4xx_hal_pwr_ex.o
                                                  build/stm32f4xx_hal_dma.o
                                                  build/stm32f4xx_hal_flash.o
                                                  build/stm32f4xx_hal_rcc_ex.o
                                                  build/stm32f4xx_hal_rcc.o
                                                  build/stm32f4xx_hal_spi.o
                                                  build/hci_tl_interface.o
                                                  build/stm32f4xx_nucleo_bus.o
HAL_GetTickFreq                                   build/stm32f4xx_hal.o
HAL_GetTickPrio                                   build/stm32f4xx_hal.o
HAL_GetUIDw0                                      build/stm32f4xx_hal.o
HAL_GetUIDw1                                      build/stm32f4xx_hal.o
HAL_GetUIDw2                                      build/stm32f4xx_hal.o
HAL_HalfDuplex_EnableReceiver                     build/stm32f4xx_hal_uart.o
HAL_HalfDuplex_EnableTransmitter                  build/stm32f4xx_hal_uart.o
HAL_HalfDuplex_Init                               build/stm32f4xx_hal_uart.o
HAL_IncTick                                       build/stm32f4xx_hal.o
                                                  build/stm32f4xx_it.o
HAL_Init                                          build/stm32f4xx_hal.o
                                                  build/main.o
HAL_InitTick                                      build/stm32f4xx_hal.o
                                                  build/stm32f4xx_hal_rcc_ex.o
                                                  build/stm32f4xx_hal_rcc.o
HAL_LIN_Init                                      build/stm32f4xx_hal_uart.o
HAL_LIN_SendBreak                                 build/stm32f4xx_hal_uart.o
HAL_MPU_ConfigRegion                              build/stm32f4xx_hal_cortex.o
HAL_MPU_Disable                                   build/stm32f4xx_hal_cortex.o
HAL_MPU_Enable                                    build/stm32f4xx_hal_cortex.o
HAL_MspDeInit                                     build/stm32f4xx_hal.o
HAL_MspInit                                       build/stm32f4xx_hal_msp.o
HAL_MultiProcessor_EnterMuteMode                  build/stm32f4xx_hal_uart.o
HAL_MultiProcessor_ExitMuteMode                   build/stm32f4xx_hal_uart.o
HAL_MultiProcessor_Init                           build/stm32f4xx_hal_uart.o
HAL_NVIC_ClearPendingIRQ                          build/stm32f4xx_hal_cortex.o
HAL_NVIC_DisableIRQ                               build/stm32f4xx_hal_cortex.o
                                                  build/hci_tl_interface.o
HAL_NVIC_EnableIRQ                                build/stm32f4xx_hal_cortex.o
                                                  build/hci_tl_interface.o
                                                  build/gpio.o
HAL_NVIC_GetActive                                build/stm32f4xx_hal_cortex.o
HAL_NVIC_GetPendingIRQ                            build/stm32f4xx_hal_cortex.o
HAL_NVIC_GetPriority                              build/stm32f4xx_hal_cortex.o
HAL_NVIC_GetPriorityGrouping                      build/stm32f4xx_hal_cortex.o
HAL_NVIC_SetPendingIRQ                            build/stm32f4xx_hal_cortex.o
HAL_NVIC_SetPriority                              build/stm32f4xx_hal_cortex.o
                                                  build/stm32f4xx_hal.o
                                                  build/hci_tl_interface.o
                                                  build/gpio.o
HAL_NVIC_SetPriorityGrouping                      build/stm32f4xx_hal_cortex.o
                                                  build/stm32f4xx_hal.o
                                                  build/stm32f4xx_hal_msp.o
HAL_NVIC_SystemReset                              build/stm32f4xx_hal_cortex.o
HAL_PWREx_ControlVoltageScaling                   build/stm32f4xx_hal_pwr_ex.o
HAL_PWREx_DisableBkUpReg                          build/stm32f4xx_hal_pwr_ex.o
HAL_PWREx_DisableFlashPowerDown                   build/stm32f4xx_hal_pwr_ex.o
HAL_PWREx_DisableLowRegulatorLowVoltage           build/stm32f4xx_hal_pwr_ex.o
HAL_PWREx_DisableMainRegulatorLowVoltage          build/stm32f4xx_hal_pwr_ex.o
HAL_PWREx_EnableBkUpReg                           build/stm32f4xx_hal_pwr_ex.o
HAL_PWREx_EnableFlashPowerDown                    build/stm32f4xx_hal_pwr_ex.o
HAL_PWREx_EnableLowRegulatorLowVoltage            build/stm32f4xx_hal_pwr_ex.o
HAL_PWREx_EnableMainRegulatorLowVoltage           build/stm32f4xx_hal_pwr_ex.o
HAL_PWREx_GetVoltageRange                         build/stm32f4xx_hal_pwr_ex.o
HAL_PWR_ConfigPVD                                 build/stm32f4xx_hal_pwr.o
HAL_PWR_DeInit                                    build/stm32f4xx_hal_pwr.o
HAL_PWR_DisableBkUpAccess                         build/stm32f4xx_hal_pwr.o
HAL_PWR_DisablePVD                                build/stm32f4xx_hal_pwr.o
HAL_PWR_DisableSEVOnPend                          build/stm32f4xx_hal_pwr.o
HAL_PWR_DisableSleepOnExit                        build/stm32f4xx_hal_pwr.o
HAL_PWR_DisableWakeUpPin                          build/stm32f4xx_hal_pwr.o
HAL_PWR_EnableBkUpAccess                          build/stm32f4xx_hal_pwr.o
HAL_PWR_EnablePVD                                 build/stm32f4xx_hal_pwr.o
HAL_PWR_EnableSEVOnPend                           build/stm32f4xx_hal_pwr.o
HAL_PWR_EnableSleepOnExit                         build/stm32f4xx_hal_pwr.o
HAL_PWR_EnableWakeUpPin                           build/stm32f4xx_hal_pwr.o
HAL_PWR_EnterSLEEPMode                            build/stm32f4xx_hal_pwr.o
HAL_PWR_EnterSTANDBYMode                          build/stm32f4xx_hal_pwr.o
HAL_PWR_EnterSTOPMode                             build/stm32f4xx_hal_pwr.o
HAL_PWR_PVDCallback                               build/stm32f4xx_hal_pwr.o
HAL_PWR_PVD_IRQHandler                            build/stm32f4xx_hal_pwr.o
HAL_RCCEx_DisablePLLI2S                           build/stm32f4xx_hal_rcc_ex.o
HAL_RCCEx_EnablePLLI2S                            build/stm32f4xx_hal_rcc_ex.o
HAL_RCCEx_GetPeriphCLKConfig                      build/stm32f4xx_hal_rcc_ex.o
HAL_RCCEx_GetPeriphCLKFreq                        build/stm32f4xx_hal_rcc_ex.o
HAL_RCCEx_PeriphCLKConfig                         build/stm32f4xx_hal_rcc_ex.o
HAL_RCCEx_SelectLSEMode                           build/stm32f4xx_hal_rcc_ex.o
HAL_RCC_CSSCallback                               build/stm32f4xx_hal_rcc.o
HAL_RCC_ClockConfig                               build/stm32f4xx_hal_rcc.o
                                                  build/main.o
HAL_RCC_DeInit                                    build/stm32f4xx_hal_rcc_ex.o
                                                  build/stm32f4xx_hal_rcc.o
HAL_RCC_DisableCSS                                build/stm32f4xx_hal_rcc.o
HAL_RCC_EnableCSS                                 build/stm32f4xx_hal_rcc.o
HAL_RCC_GetClockConfig                            build/stm32f4xx_hal_rcc.o
HAL_RCC_GetHCLKFreq                               build/stm32f4xx_hal_rcc.o
HAL_RCC_GetOscConfig                              build/stm32f4xx_hal_rcc.o
HAL_RCC_GetPCLK1Freq                              build/stm32f4xx_hal_rcc.o
                                                  build/stm32f4xx_hal_uart.o
HAL_RCC_GetPCLK2Freq                              build/stm32f4xx_hal_rcc.o
                                                  build/stm32f4xx_hal_uart.o
HAL_RCC_GetSysClockFreq                           build/stm32f4xx_hal_rcc.o
HAL_RCC_MCOConfig                                 build/stm32f4xx_hal_rcc.o
HAL_RCC_NMI_IRQHandler                            build/stm32f4xx_hal_rcc.o
HAL_RCC_OscConfig                                 build/stm32f4xx_hal_rcc.o
                                                  build/main.o
HAL_ResumeTick                                    build/stm32f4xx_hal.o
HAL_SPI_Abort                                     build/stm32f4xx_hal_spi.o
HAL_SPI_AbortCpltCallback                         build/stm32f4xx_hal_spi.o
HAL_SPI_Abort_IT                                  build/stm32f4xx_hal_spi.o
HAL_SPI_DMAPause                                  build/stm32f4xx_hal_spi.o
HAL_SPI_DMAResume                                 build/stm32f4xx_hal_spi.o
HAL_SPI_DMAStop                                   build/stm32f4xx_hal_spi.o
HAL_SPI_DeInit                                    build/stm32f4xx_hal_spi.o
                                                  build/stm32f4xx_nucleo_bus.o
HAL_SPI_ErrorCallback                             build/stm32f4xx_hal_spi.o
HAL_SPI_GetError                                  build/stm32f4xx_hal_spi.o
HAL_SPI_GetState                                  build/stm32f4xx_hal_spi.o
                                                  build/stm32f4xx_nucleo_bus.o
HAL_SPI_IRQHandler                                build/stm32f4xx_hal_spi.o
HAL_SPI_Init                                      build/stm32f4xx_hal_spi.o
                                                  build/stm32f4xx_nucleo_bus.o
HAL_SPI_MspDeInit                                 build/stm32f4xx_hal_spi.o
HAL_SPI_MspInit                                   build/stm32f4xx_hal_spi.o
HAL_SPI_Receive                                   build/stm32f4xx_hal_spi.o
                                                  build/stm32f4xx_nucleo_bus.o
HAL_SPI_Receive_DMA                               build/stm32f4xx_hal_spi.o
HAL_SPI_Receive_IT                                build/stm32f4xx_hal_spi.o
HAL_SPI_RxCpltCallback                            build/stm32f4xx_hal_spi.o
HAL_SPI_RxHalfCpltCallback                        build/stm32f4xx_hal_spi.o
HAL_SPI_Transmit                                  build/stm32f4xx_hal_spi.o
                                                  build/stm32f4xx_nucleo_bus.o
HAL_SPI_TransmitReceive                           build/stm32f4xx_hal_spi.o
                                                  build/stm32f4xx_nucleo_bus.o
HAL_SPI_TransmitReceive_DMA                       build/stm32f4xx_hal_spi.o
HAL_SPI_TransmitReceive_IT                        build/stm32f4xx_hal_spi.o
HAL_SPI_Transmit_DMA                              build/stm32f4xx_hal_spi.o
HAL_SPI_Transmit_IT                               build/stm32f4xx_hal_spi.o
HAL_SPI_TxCpltCallback                            build/stm32f4xx_hal_spi.o
HAL_SPI_TxHalfCpltCallback                        build/stm32f4xx_hal_spi.o
HAL_SPI_TxRxCpltCallback                          build/stm32f4xx_hal_spi.o
HAL_SPI_TxRxHalfCpltCallback                      build/stm32f4xx_hal_spi.o
HAL_SYSTICK_CLKSourceConfig                       build/stm32f4xx_hal_cortex.o
HAL_SYSTICK_Callback                              build/stm32f4xx_hal_cortex.o
HAL_SYSTICK_Config                                build/stm32f4xx_hal_cortex.o
                                                  build/stm32f4xx_hal.o
HAL_SYSTICK_IRQHandler                            build/stm32f4xx_hal_cortex.o
HAL_SetTickFreq                                   build/stm32f4xx_hal.o
HAL_SuspendTick                                   build/stm32f4xx_hal.o
HAL_UARTEx_ReceiveToIdle                          build/stm32f4xx_hal_uart.o
HAL_UARTEx_ReceiveToIdle_DMA                      build/stm32f4xx_hal_uart.o
HAL_UARTEx_ReceiveToIdle_IT                       build/stm32f4xx_hal_uart.o
HAL_UARTEx_RxEventCallback                        build/stm32f4xx_hal_uart.o
HAL_UART_Abort                                    build/stm32f4xx_hal_uart.o
HAL_UART_AbortCpltCallback                        build/stm32f4xx_hal_uart.o
HAL_UART_AbortReceive                             build/stm32f4xx_hal_uart.o
HAL_UART_AbortReceiveCpltCallback                 build/stm32f4xx_hal_uart.o
HAL_UART_AbortReceive_IT                          build/stm32f4xx_hal_uart.o
HAL_UART_AbortTransmit                            build/stm32f4xx_hal_uart.o
HAL_UART_AbortTransmitCpltCallback                build/stm32f4xx_hal_uart.o
HAL_UART_AbortTransmit_IT                         build/stm32f4xx_hal_uart.o
HAL_UART_Abort_IT                                 build/stm32f4xx_hal_uart.o
HAL_UART_DMAPause                                 build/stm32f4xx_hal_uart.o
HAL_UART_DMAResume                                build/stm32f4xx_hal_uart.o
HAL_UART_DMAStop                                  build/stm32f4xx_hal_uart.o
HAL_UART_DeInit                                   build/stm32f4xx_hal_uart.o
HAL_UART_ErrorCallback                            build/stm32f4xx_hal_uart.o
HAL_UART_GetError                                 build/stm32f4xx_hal_uart.o
HAL_UART_GetState                                 build/stm32f4xx_hal_uart.o
HAL_UART_IRQHandler                               build/stm32f4xx_hal_uart.o
HAL_UART_Init                                     build/stm32f4xx_hal_uart.o
                                                  build/usart.o
HAL_UART_MspDeInit                                build/usart.o
HAL_UART_MspInit                                  build/usart.o
HAL_UART_Receive                                  build/stm32f4xx_hal_uart.o
HAL_UART_Receive_DMA                              build/stm32f4xx_hal_uart.o
HAL_UART_Receive_IT                               build/stm32f4xx_hal_uart.o
HAL_UART_RxCpltCallback                           build/stm32f4xx_hal_uart.o
HAL_UART_RxHalfCpltCallback                       build/stm32f4xx_hal_uart.o
HAL_UART_Transmit                                 build/stm32f4xx_hal_uart.o
HAL_UART_Transmit_DMA                             build/stm32f4xx_hal_uart.o
HAL_UART_Transmit_IT                              build/stm32f4xx_hal_uart.o
HAL_UART_TxCpltCallback                           build/stm32f4xx_hal_uart.o
HAL_UART_TxHalfCpltCallback                       build/stm32f4xx_hal_uart.o
HCI_TL_SPI_DeInit                                 build/hci_tl_interface.o
HCI_TL_SPI_Init                                   build/hci_tl_interface.o
HCI_TL_SPI_Receive                                build/hci_tl_interface.o
HCI_TL_SPI_Reset                                  build/hci_tl_interface.o
HCI_TL_SPI_Send                                   build/hci_tl_interface.o
HardFault_Handler                                 build/stm32f4xx_it.o
I2C1_ER_IRQHandler                                build/startup_stm32f411xe.o
I2C1_EV_IRQHandler                                build/startup_stm32f411xe.o
I2C2_ER_IRQHandler                                build/startup_stm32f411xe.o
I2C2_EV_IRQHandler                                build/startup_stm32f411xe.o
I2C3_ER_IRQHandler                                build/startup_stm32f411xe.o
I2C3_EV_IRQHandler                                build/startup_stm32f411xe.o
MX_GPIO_Init                                      build/gpio.o
                                                  build/main.o
MX_SPI1_Init                                      build/stm32f4xx_nucleo_bus.o
MX_USART2_UART_Init                               build/usart.o
                                                  build/main.o
MemManage_Handler                                 build/stm32f4xx_it.o
NMI_Handler                                       build/stm32f4xx_it.o
OTG_FS_IRQHandler                                 build/startup_stm32f411xe.o
OTG_FS_WKUP_IRQHandler                            build/startup_stm32f411xe.o
PVD_IRQHandler                                    build/startup_stm32f411xe.o
PendSV_Handler                                    build/stm32f4xx_it.o
RCC_IRQHandler                                    build/startup_stm32f411xe.o
RTC_Alarm_IRQHandler                              build/startup_stm32f411xe.o
RTC_WKUP_IRQHandler                               build/startup_stm32f411xe.o
Reset_Handler                                     build/startup_stm32f411xe.o
SDIO_IRQHandler                                   build/startup_stm32f411xe.o
SPI1_IRQHandler                                   build/startup_stm32f411xe.o
SPI2_IRQHandler                                   build/startup_stm32f411xe.o
SPI3_IRQHandler                                   build/startup_stm32f411xe.o
SPI4_IRQHandler                                   build/startup_stm32f411xe.o
SPI5_IRQHandler                                   build/startup_stm32f411xe.o
SVC_Handler                                       build/stm32f4xx_it.o
SysTick_Handler                                   build/stm32f4xx_it.o
SystemClock_Config                                build/main.o
SystemCoreClock                                   build/system_stm32f4xx.o
                                                  build/stm32f4xx_hal.o
                                                  build/stm32f4xx_hal_dma.o
                                                  build/stm32f4xx_hal_rcc_ex.o
                                                  build/stm32f4xx_hal_rcc.o
                                                  build/stm32f4xx_hal_spi.o
SystemCoreClockUpdate                             build/system_stm32f4xx.o
SystemInit                                        build/system_stm32f4xx.o
                                                  build/startup_stm32f411xe.o
TAMP_STAMP_IRQHandler                             build/startup_stm32f411xe.o
TIM1_BRK_TIM9_IRQHandler                          build/startup_stm32f411xe.o
TIM1_CC_IRQHandler                                build/startup_stm32f411xe.o
TIM1_TRG_COM_TIM11_IRQHandler                     build/startup_stm32f411xe.o
TIM1_UP_TIM10_IRQHandler                          build/startup_stm32f411xe.o
TIM2_IRQHandler                                   build/startup_stm32f411xe.o
TIM3_IRQHandler                                   build/startup_stm32f411xe.o
TIM4_IRQHandler                                   build/startup_stm32f411xe.o
TIM5_IRQHandler                                   build/startup_stm32f411xe.o
UART_Start_Receive_DMA                            build/stm32f4xx_hal_uart.o
UART_Start_Receive_IT                             build/stm32f4xx_hal_uart.o
USART1_IRQHandler                                 build/startup_stm32f411xe.o
USART2_IRQHandler                                 build/startup_stm32f411xe.o
USART6_IRQHandler                                 build/startup_stm32f411xe.o
UsageFault_Handler                                build/stm32f4xx_it.o
WWDG_IRQHandler                                   build/startup_stm32f411xe.o
__aeabi_idiv0                                     c:/program files (x86)/gnu arm embedded toolchain/10 2021.10/bin/../lib/gcc/arm-none-eabi/10.3.1/thumb/v7e-m+fp/hard\libgcc.a(_dvmd_tls.o)
__aeabi_ldiv0                                     c:/program files (x86)/gnu arm embedded toolchain/10 2021.10/bin/../lib/gcc/arm-none-eabi/10.3.1/thumb/v7e-m+fp/hard\libgcc.a(_dvmd_tls.o)
                                                  c:/program files (x86)/gnu arm embedded toolchain/10 2021.10/bin/../lib/gcc/arm-none-eabi/10.3.1/thumb/v7e-m+fp/hard\libgcc.a(_aeabi_uldivmod.o)
__aeabi_uldivmod                                  c:/program files (x86)/gnu arm embedded toolchain/10 2021.10/bin/../lib/gcc/arm-none-eabi/10.3.1/thumb/v7e-m+fp/hard\libgcc.a(_aeabi_uldivmod.o)
                                                  build/stm32f4xx_hal_uart.o
                                                  build/stm32f4xx_hal_rcc.o
__bss_end__                                       c:/program files (x86)/gnu arm embedded toolchain/10 2021.10/bin/../lib/gcc/arm-none-eabi/10.3.1/../../../../arm-none-eabi/lib/thumb/v7e-m+fp/hard/crt0.o
__bss_start__                                     c:/program files (x86)/gnu arm embedded toolchain/10 2021.10/bin/../lib/gcc/arm-none-eabi/10.3.1/../../../../arm-none-eabi/lib/thumb/v7e-m+fp/hard/crt0.o
__call_exitprocs                                  c:/program files (x86)/gnu arm embedded toolchain/10 2021.10/bin/../lib/gcc/arm-none-eabi/10.3.1/../../../../arm-none-eabi/lib/thumb/v7e-m+fp/hard\libc_nano.a(lib_a-exit.o)
__deregister_frame_info                           c:/program files (x86)/gnu arm embedded toolchain/10 2021.10/bin/../lib/gcc/arm-none-eabi/10.3.1/thumb/v7e-m+fp/hard/crtbegin.o
__dso_handle                                      c:/program files (x86)/gnu arm embedded toolchain/10 2021.10/bin/../lib/gcc/arm-none-eabi/10.3.1/thumb/v7e-m+fp/hard/crtbegin.o
__init_array_end                                  c:/program files (x86)/gnu arm embedded toolchain/10 2021.10/bin/../lib/gcc/arm-none-eabi/10.3.1/../../../../arm-none-eabi/lib/thumb/v7e-m+fp/hard\libc_nano.a(lib_a-init.o)
__init_array_start                                c:/program files (x86)/gnu arm embedded toolchain/10 2021.10/bin/../lib/gcc/arm-none-eabi/10.3.1/../../../../arm-none-eabi/lib/thumb/v7e-m+fp/hard\libc_nano.a(lib_a-init.o)
__libc_fini_array                                 c:/program files (x86)/gnu arm embedded toolchain/10 2021.10/bin/../lib/gcc/arm-none-eabi/10.3.1/../../../../arm-none-eabi/lib/thumb/v7e-m+fp/hard/crt0.o
__libc_init_array                                 c:/program files (x86)/gnu arm embedded toolchain/10 2021.10/bin/../lib/gcc/arm-none-eabi/10.3.1/../../../../arm-none-eabi/lib/thumb/v7e-m+fp/hard\libc_nano.a(lib_a-init.o)
                                                  build/startup_stm32f411xe.o
                                                  c:/program files (x86)/gnu arm embedded toolchain/10 2021.10/bin/../lib/gcc/arm-none-eabi/10.3.1/../../../../arm-none-eabi/lib/thumb/v7e-m+fp/hard/crt0.o
__preinit_array_end                               c:/program files (x86)/gnu arm embedded toolchain/10 2021.10/bin/../lib/gcc/arm-none-eabi/10.3.1/../../../../arm-none-eabi/lib/thumb/v7e-m+fp/hard\libc_nano.a(lib_a-init.o)
__preinit_array_start                             c:/program files (x86)/gnu arm embedded toolchain/10 2021.10/bin/../lib/gcc/arm-none-eabi/10.3.1/../../../../arm-none-eabi/lib/thumb/v7e-m+fp/hard\libc_nano.a(lib_a-init.o)
__register_frame_info                             c:/program files (x86)/gnu arm embedded toolchain/10 2021.10/bin/../lib/gcc/arm-none-eabi/10.3.1/thumb/v7e-m+fp/hard/crtbegin.o
__sf_fake_stderr                                  c:/program files (x86)/gnu arm embedded toolchain/10 2021.10/bin/../lib/gcc/arm-none-eabi/10.3.1/../../../../arm-none-eabi/lib/thumb/v7e-m+fp/hard\libc_nano.a(lib_a-impure.o)
__sf_fake_stdin                                   c:/program files (x86)/gnu arm embedded toolchain/10 2021.10/bin/../lib/gcc/arm-none-eabi/10.3.1/../../../../arm-none-eabi/lib/thumb/v7e-m+fp/hard\libc_nano.a(lib_a-impure.o)
__sf_fake_stdout                                  c:/program files (x86)/gnu arm embedded toolchain/10 2021.10/bin/../lib/gcc/arm-none-eabi/10.3.1/../../../../arm-none-eabi/lib/thumb/v7e-m+fp/hard\libc_nano.a(lib_a-impure.o)
__stack                                           c:/program files (x86)/gnu arm embedded toolchain/10 2021.10/bin/../lib/gcc/arm-none-eabi/10.3.1/../../../../arm-none-eabi/lib/thumb/v7e-m+fp/hard/crt0.o
__udivmoddi4                                      c:/program files (x86)/gnu arm embedded toolchain/10 2021.10/bin/../lib/gcc/arm-none-eabi/10.3.1/thumb/v7e-m+fp/hard\libgcc.a(_udivmoddi4.o)
                                                  c:/program files (x86)/gnu arm embedded toolchain/10 2021.10/bin/../lib/gcc/arm-none-eabi/10.3.1/thumb/v7e-m+fp/hard\libgcc.a(_aeabi_uldivmod.o)
_ebss                                             build/startup_stm32f411xe.o
_edata                                            build/startup_stm32f411xe.o
_estack                                           build/startup_stm32f411xe.o
_exit                                             c:/program files (x86)/gnu arm embedded toolchain/10 2021.10/bin/../lib/gcc/arm-none-eabi/10.3.1/../../../../arm-none-eabi/lib/thumb/v7e-m+fp/hard\libnosys.a(_exit.o)
                                                  c:/program files (x86)/gnu arm embedded toolchain/10 2021.10/bin/../lib/gcc/arm-none-eabi/10.3.1/../../../../arm-none-eabi/lib/thumb/v7e-m+fp/hard\libc_nano.a(lib_a-exit.o)
_fini                                             c:/program files (x86)/gnu arm embedded toolchain/10 2021.10/bin/../lib/gcc/arm-none-eabi/10.3.1/thumb/v7e-m+fp/hard/crti.o
_global_impure_ptr                                c:/program files (x86)/gnu arm embedded toolchain/10 2021.10/bin/../lib/gcc/arm-none-eabi/10.3.1/../../../../arm-none-eabi/lib/thumb/v7e-m+fp/hard\libc_nano.a(lib_a-impure.o)
                                                  c:/program files (x86)/gnu arm embedded toolchain/10 2021.10/bin/../lib/gcc/arm-none-eabi/10.3.1/../../../../arm-none-eabi/lib/thumb/v7e-m+fp/hard\libc_nano.a(lib_a-exit.o)
_impure_ptr                                       c:/program files (x86)/gnu arm embedded toolchain/10 2021.10/bin/../lib/gcc/arm-none-eabi/10.3.1/../../../../arm-none-eabi/lib/thumb/v7e-m+fp/hard\libc_nano.a(lib_a-impure.o)
_init                                             c:/program files (x86)/gnu arm embedded toolchain/10 2021.10/bin/../lib/gcc/arm-none-eabi/10.3.1/thumb/v7e-m+fp/hard/crti.o
                                                  c:/program files (x86)/gnu arm embedded toolchain/10 2021.10/bin/../lib/gcc/arm-none-eabi/10.3.1/../../../../arm-none-eabi/lib/thumb/v7e-m+fp/hard\libc_nano.a(lib_a-init.o)
_mainCRTStartup                                   c:/program files (x86)/gnu arm embedded toolchain/10 2021.10/bin/../lib/gcc/arm-none-eabi/10.3.1/../../../../arm-none-eabi/lib/thumb/v7e-m+fp/hard/crt0.o
_sbss                                             build/startup_stm32f411xe.o
_sdata                                            build/startup_stm32f411xe.o
_sidata                                           build/startup_stm32f411xe.o
_stack_init                                       c:/program files (x86)/gnu arm embedded toolchain/10 2021.10/bin/../lib/gcc/arm-none-eabi/10.3.1/../../../../arm-none-eabi/lib/thumb/v7e-m+fp/hard/crt0.o
_start                                            c:/program files (x86)/gnu arm embedded toolchain/10 2021.10/bin/../lib/gcc/arm-none-eabi/10.3.1/../../../../arm-none-eabi/lib/thumb/v7e-m+fp/hard/crt0.o
aci_att_exchange_mtu_resp_event                   build/bluenrg1_events_cb.o
                                                  build/bluenrg1_events.o
aci_att_exchange_mtu_resp_event_process           build/bluenrg1_events.o
aci_att_exec_write_resp_event                     build/bluenrg1_events_cb.o
                                                  build/bluenrg1_events.o
aci_att_exec_write_resp_event_process             build/bluenrg1_events.o
aci_att_execute_write_req                         build/bluenrg1_gatt_aci.o
aci_att_find_by_type_value_req                    build/bluenrg1_gatt_aci.o
aci_att_find_by_type_value_resp_event             build/bluenrg1_events_cb.o
                                                  build/bluenrg1_events.o
aci_att_find_by_type_value_resp_event_process     build/bluenrg1_events.o
aci_att_find_info_req                             build/bluenrg1_gatt_aci.o
aci_att_find_info_resp_event                      build/bluenrg1_events_cb.o
                                                  build/bluenrg1_events.o
aci_att_find_info_resp_event_process              build/bluenrg1_events.o
aci_att_prepare_write_req                         build/bluenrg1_gatt_aci.o
aci_att_prepare_write_resp_event                  build/bluenrg1_events_cb.o
                                                  build/bluenrg1_events.o
aci_att_prepare_write_resp_event_process          build/bluenrg1_events.o
aci_att_read_blob_resp_event                      build/bluenrg1_events_cb.o
                                                  build/bluenrg1_events.o
aci_att_read_blob_resp_event_process              build/bluenrg1_events.o
aci_att_read_by_group_type_req                    build/bluenrg1_gatt_aci.o
aci_att_read_by_group_type_resp_event             build/bluenrg1_events_cb.o
                                                  build/bluenrg1_events.o
aci_att_read_by_group_type_resp_event_process     build/bluenrg1_events.o
aci_att_read_by_type_req                          build/bluenrg1_gatt_aci.o
aci_att_read_by_type_resp_event                   build/bluenrg1_events_cb.o
                                                  build/bluenrg1_events.o
aci_att_read_by_type_resp_event_process           build/bluenrg1_events.o
aci_att_read_multiple_resp_event                  build/bluenrg1_events_cb.o
                                                  build/bluenrg1_events.o
aci_att_read_multiple_resp_event_process          build/bluenrg1_events.o
aci_att_read_resp_event                           build/bluenrg1_events_cb.o
                                                  build/bluenrg1_events.o
aci_att_read_resp_event_process                   build/bluenrg1_events.o
aci_blue_crash_info_event                         build/bluenrg1_events_cb.o
                                                  build/bluenrg1_events.o
aci_blue_crash_info_event_process                 build/bluenrg1_events.o
aci_blue_events_lost_event                        build/bluenrg1_events_cb.o
                                                  build/bluenrg1_events.o
aci_blue_events_lost_event_process                build/bluenrg1_events.o
aci_blue_initialized_event                        build/bluenrg1_events_cb.o
                                                  build/bluenrg1_events.o
aci_blue_initialized_event_process                build/bluenrg1_events.o
aci_gap_add_devices_to_resolving_list             build/bluenrg1_gap_aci.o
aci_gap_addr_not_resolved_event                   build/bluenrg1_events_cb.o
                                                  build/bluenrg1_events.o
aci_gap_addr_not_resolved_event_process           build/bluenrg1_events.o
aci_gap_allow_rebond                              build/bluenrg1_gap_aci.o
aci_gap_authorization_req_event                   build/bluenrg1_events_cb.o
                                                  build/bluenrg1_events.o
aci_gap_authorization_req_event_process           build/bluenrg1_events.o
aci_gap_authorization_resp                        build/bluenrg1_gap_aci.o
aci_gap_bond_lost_event                           build/bluenrg1_events_cb.o
                                                  build/bluenrg1_events.o
aci_gap_bond_lost_event_process                   build/bluenrg1_events.o
aci_gap_clear_security_db                         build/bluenrg1_gap_aci.o
aci_gap_configure_whitelist                       build/bluenrg1_gap_aci.o
aci_gap_create_connection                         build/bluenrg1_gap_aci.o
aci_gap_delete_ad_type                            build/bluenrg1_gap_aci.o
aci_gap_get_bonded_devices                        build/bluenrg1_gap_aci.o
aci_gap_get_oob_data                              build/bluenrg1_gap_aci.o
aci_gap_get_security_level                        build/bluenrg1_gap_aci.o
aci_gap_init                                      build/bluenrg1_gap_aci.o
aci_gap_is_device_bonded                          build/bluenrg1_gap_aci.o
aci_gap_keypress_notification_event               build/bluenrg1_events_cb.o
                                                  build/bluenrg1_events.o
aci_gap_keypress_notification_event_process       build/bluenrg1_events.o
aci_gap_limited_discoverable_event                build/bluenrg1_events_cb.o
                                                  build/bluenrg1_events.o
aci_gap_limited_discoverable_event_process        build/bluenrg1_events.o
aci_gap_numeric_comparison_value_confirm_yesno    build/bluenrg1_gap_aci.o
aci_gap_numeric_comparison_value_event            build/bluenrg1_events_cb.o
                                                  build/bluenrg1_events.o
aci_gap_numeric_comparison_value_event_process    build/bluenrg1_events.o
aci_gap_pairing_complete_event                    build/bluenrg1_events_cb.o
                                                  build/bluenrg1_events.o
aci_gap_pairing_complete_event_process            build/bluenrg1_events.o
aci_gap_pass_key_req_event                        build/bluenrg1_events_cb.o
                                                  build/bluenrg1_events.o
aci_gap_pass_key_req_event_process                build/bluenrg1_events.o
aci_gap_pass_key_resp                             build/bluenrg1_gap_aci.o
aci_gap_passkey_input                             build/bluenrg1_gap_aci.o
aci_gap_proc_complete_event                       build/bluenrg1_events_cb.o
                                                  build/bluenrg1_events.o
aci_gap_proc_complete_event_process               build/bluenrg1_events.o
aci_gap_remove_bonded_device                      build/bluenrg1_gap_aci.o
aci_gap_resolve_private_addr                      build/bluenrg1_gap_aci.o
aci_gap_send_pairing_req                          build/bluenrg1_gap_aci.o
aci_gap_set_authentication_requirement            build/bluenrg1_gap_aci.o
aci_gap_set_authorization_requirement             build/bluenrg1_gap_aci.o
aci_gap_set_broadcast_mode                        build/bluenrg1_gap_aci.o
aci_gap_set_direct_connectable                    build/bluenrg1_gap_aci.o
aci_gap_set_discoverable                          build/bluenrg1_gap_aci.o
aci_gap_set_event_mask                            build/bluenrg1_gap_aci.o
aci_gap_set_io_capability                         build/bluenrg1_gap_aci.o
aci_gap_set_limited_discoverable                  build/bluenrg1_gap_aci.o
aci_gap_set_non_connectable                       build/bluenrg1_gap_aci.o
aci_gap_set_non_discoverable                      build/bluenrg1_gap_aci.o
aci_gap_set_oob_data                              build/bluenrg1_gap_aci.o
aci_gap_set_undirected_connectable                build/bluenrg1_gap_aci.o
aci_gap_slave_security_initiated_event            build/bluenrg1_events_cb.o
                                                  build/bluenrg1_events.o
aci_gap_slave_security_initiated_event_process    build/bluenrg1_events.o
aci_gap_slave_security_req                        build/bluenrg1_gap_aci.o
aci_gap_start_auto_connection_establish_proc      build/bluenrg1_gap_aci.o
aci_gap_start_connection_update                   build/bluenrg1_gap_aci.o
aci_gap_start_general_connection_establish_proc   build/bluenrg1_gap_aci.o
aci_gap_start_general_discovery_proc              build/bluenrg1_gap_aci.o
aci_gap_start_limited_discovery_proc              build/bluenrg1_gap_aci.o
aci_gap_start_name_discovery_proc                 build/bluenrg1_gap_aci.o
aci_gap_start_observation_proc                    build/bluenrg1_gap_aci.o
aci_gap_start_selective_connection_establish_proc build/bluenrg1_gap_aci.o
aci_gap_terminate                                 build/bluenrg1_gap_aci.o
aci_gap_terminate_gap_proc                        build/bluenrg1_gap_aci.o
aci_gap_update_adv_data                           build/bluenrg1_gap_aci.o
aci_gatt_add_char                                 build/bluenrg1_gatt_aci.o
aci_gatt_add_char_desc                            build/bluenrg1_gatt_aci.o
aci_gatt_add_service                              build/bluenrg1_gatt_aci.o
aci_gatt_allow_read                               build/bluenrg1_gatt_aci.o
aci_gatt_attribute_modified_event                 build/bluenrg1_events_cb.o
                                                  build/bluenrg1_events.o
aci_gatt_attribute_modified_event_process         build/bluenrg1_events.o
aci_gatt_confirm_indication                       build/bluenrg1_gatt_aci.o
aci_gatt_del_char                                 build/bluenrg1_gatt_aci.o
aci_gatt_del_include_service                      build/bluenrg1_gatt_aci.o
aci_gatt_del_service                              build/bluenrg1_gatt_aci.o
aci_gatt_deny_read                                build/bluenrg1_gatt_aci.o
aci_gatt_disc_all_char_desc                       build/bluenrg1_gatt_aci.o
aci_gatt_disc_all_char_of_service                 build/bluenrg1_gatt_aci.o
aci_gatt_disc_all_primary_services                build/bluenrg1_gatt_aci.o
aci_gatt_disc_char_by_uuid                        build/bluenrg1_gatt_aci.o
aci_gatt_disc_primary_service_by_uuid             build/bluenrg1_gatt_aci.o
aci_gatt_disc_read_char_by_uuid_resp_event        build/bluenrg1_events_cb.o
                                                  build/bluenrg1_events.o
aci_gatt_disc_read_char_by_uuid_resp_event_process build/bluenrg1_events.o
aci_gatt_error_resp_event                         build/bluenrg1_events_cb.o
                                                  build/bluenrg1_events.o
aci_gatt_error_resp_event_process                 build/bluenrg1_events.o
aci_gatt_exchange_config                          build/bluenrg1_gatt_aci.o
aci_gatt_find_included_services                   build/bluenrg1_gatt_aci.o
aci_gatt_include_service                          build/bluenrg1_gatt_aci.o
aci_gatt_indication_event                         build/bluenrg1_events_cb.o
                                                  build/bluenrg1_events.o
aci_gatt_indication_event_process                 build/bluenrg1_events.o
aci_gatt_init                                     build/bluenrg1_gatt_aci.o
aci_gatt_notification_event                       build/bluenrg1_events_cb.o
                                                  build/bluenrg1_events.o
aci_gatt_notification_event_process               build/bluenrg1_events.o
aci_gatt_prepare_write_permit_req_event           build/bluenrg1_events_cb.o
                                                  build/bluenrg1_events.o
aci_gatt_prepare_write_permit_req_event_process   build/bluenrg1_events.o
aci_gatt_proc_complete_event                      build/bluenrg1_events_cb.o
                                                  build/bluenrg1_events.o
aci_gatt_proc_complete_event_process              build/bluenrg1_events.o
aci_gatt_proc_timeout_event                       build/bluenrg1_events_cb.o
                                                  build/bluenrg1_events.o
aci_gatt_proc_timeout_event_process               build/bluenrg1_events.o
aci_gatt_read_char_desc                           build/bluenrg1_gatt_aci.o
aci_gatt_read_char_value                          build/bluenrg1_gatt_aci.o
aci_gatt_read_handle_value                        build/bluenrg1_gatt_aci.o
aci_gatt_read_long_char_desc                      build/bluenrg1_gatt_aci.o
aci_gatt_read_long_char_value                     build/bluenrg1_gatt_aci.o
aci_gatt_read_multi_permit_req_event              build/bluenrg1_events_cb.o
                                                  build/bluenrg1_events.o
aci_gatt_read_multi_permit_req_event_process      build/bluenrg1_events.o
aci_gatt_read_multiple_char_value                 build/bluenrg1_gatt_aci.o
aci_gatt_read_permit_req_event                    build/bluenrg1_events_cb.o
                                                  build/bluenrg1_events.o
aci_gatt_read_permit_req_event_process            build/bluenrg1_events.o
aci_gatt_read_using_char_uuid                     build/bluenrg1_gatt_aci.o
aci_gatt_server_confirmation_event                build/bluenrg1_events_cb.o
                                                  build/bluenrg1_events.o
aci_gatt_server_confirmation_event_process        build/bluenrg1_events.o
aci_gatt_set_access_permission                    build/bluenrg1_gatt_aci.o
aci_gatt_set_desc_value                           build/bluenrg1_gatt_aci.o
aci_gatt_set_event_mask                           build/bluenrg1_gatt_aci.o
aci_gatt_set_security_permission                  build/bluenrg1_gatt_aci.o
aci_gatt_signed_write_without_resp                build/bluenrg1_gatt_aci.o
aci_gatt_tx_pool_available_event                  build/bluenrg1_events_cb.o
                                                  build/bluenrg1_events.o
aci_gatt_tx_pool_available_event_process          build/bluenrg1_events.o
aci_gatt_update_char_value                        build/bluenrg1_gatt_aci.o
aci_gatt_update_char_value_ext                    build/bluenrg1_gatt_aci.o
aci_gatt_write_char_desc                          build/bluenrg1_gatt_aci.o
aci_gatt_write_char_reliable                      build/bluenrg1_gatt_aci.o
aci_gatt_write_char_value                         build/bluenrg1_gatt_aci.o
aci_gatt_write_long_char_desc                     build/bluenrg1_gatt_aci.o
aci_gatt_write_long_char_value                    build/bluenrg1_gatt_aci.o
aci_gatt_write_permit_req_event                   build/bluenrg1_events_cb.o
                                                  build/bluenrg1_events.o
aci_gatt_write_permit_req_event_process           build/bluenrg1_events.o
aci_gatt_write_resp                               build/bluenrg1_gatt_aci.o
aci_gatt_write_without_resp                       build/bluenrg1_gatt_aci.o
aci_hal_end_of_radio_activity_event               build/bluenrg1_events_cb.o
                                                  build/bluenrg1_events.o
aci_hal_end_of_radio_activity_event_process       build/bluenrg1_events.o
aci_hal_fw_error_event                            build/bluenrg1_events_cb.o
                                                  build/bluenrg1_events.o
aci_hal_fw_error_event_process                    build/bluenrg1_events.o
aci_hal_get_anchor_period                         build/bluenrg1_hal_aci.o
aci_hal_get_firmware_details                      build/bluenrg1_hal_aci.o
aci_hal_get_fw_build_number                       build/bluenrg1_hal_aci.o
aci_hal_get_link_status                           build/bluenrg1_hal_aci.o
aci_hal_get_updater_bufsize                       build/bluenrg1_hal_aci.o
aci_hal_get_updater_version                       build/bluenrg1_hal_aci.o
aci_hal_le_tx_test_packet_number                  build/bluenrg1_hal_aci.o
aci_hal_read_config_data                          build/bluenrg1_hal_aci.o
aci_hal_scan_req_report_event                     build/bluenrg1_events_cb.o
                                                  build/bluenrg1_events.o
aci_hal_scan_req_report_event_process             build/bluenrg1_events.o
aci_hal_set_event_mask                            build/bluenrg1_hal_aci.o
aci_hal_set_radio_activity_mask                   build/bluenrg1_hal_aci.o
aci_hal_set_tx_power_level                        build/bluenrg1_hal_aci.o
aci_hal_tone_start                                build/bluenrg1_hal_aci.o
aci_hal_tone_stop                                 build/bluenrg1_hal_aci.o
aci_hal_transmitter_test_packets                  build/bluenrg1_hal_aci.o
aci_hal_updater_calc_crc                          build/bluenrg1_hal_aci.o
aci_hal_updater_erase_blue_flag                   build/bluenrg1_hal_aci.o
aci_hal_updater_erase_sector                      build/bluenrg1_hal_aci.o
aci_hal_updater_hw_version                        build/bluenrg1_hal_aci.o
aci_hal_updater_prog_data_blk                     build/bluenrg1_hal_aci.o
aci_hal_updater_read_data_blk                     build/bluenrg1_hal_aci.o
aci_hal_updater_reboot                            build/bluenrg1_hal_aci.o
aci_hal_updater_reset_blue_flag                   build/bluenrg1_hal_aci.o
aci_hal_updater_start                             build/bluenrg1_hal_aci.o
aci_hal_write_config_data                         build/bluenrg1_hal_aci.o
aci_l2cap_command_reject_event                    build/bluenrg1_events_cb.o
                                                  build/bluenrg1_events.o
aci_l2cap_command_reject_event_process            build/bluenrg1_events.o
aci_l2cap_connection_parameter_update_req         build/bluenrg1_l2cap_aci.o
aci_l2cap_connection_parameter_update_resp        build/bluenrg1_l2cap_aci.o
aci_l2cap_connection_update_req_event             build/bluenrg1_events_cb.o
                                                  build/bluenrg1_events.o
aci_l2cap_connection_update_req_event_process     build/bluenrg1_events.o
aci_l2cap_connection_update_resp_event            build/bluenrg1_events_cb.o
                                                  build/bluenrg1_events.o
aci_l2cap_connection_update_resp_event_process    build/bluenrg1_events.o
aci_l2cap_proc_timeout_event                      build/bluenrg1_events_cb.o
                                                  build/bluenrg1_events.o
aci_l2cap_proc_timeout_event_process              build/bluenrg1_events.o
atexit                                            c:/program files (x86)/gnu arm embedded toolchain/10 2021.10/bin/../lib/gcc/arm-none-eabi/10.3.1/../../../../arm-none-eabi/lib/thumb/v7e-m+fp/hard/crt0.o
deviceConfig                                      build/bluenrg1_devConfig.o
exit                                              c:/program files (x86)/gnu arm embedded toolchain/10 2021.10/bin/../lib/gcc/arm-none-eabi/10.3.1/../../../../arm-none-eabi/lib/thumb/v7e-m+fp/hard\libc_nano.a(lib_a-exit.o)
                                                  c:/program files (x86)/gnu arm embedded toolchain/10 2021.10/bin/../lib/gcc/arm-none-eabi/10.3.1/../../../../arm-none-eabi/lib/thumb/v7e-m+fp/hard/crt0.o
g_pfnVectors                                      build/startup_stm32f411xe.o
hardware_init_hook                                c:/program files (x86)/gnu arm embedded toolchain/10 2021.10/bin/../lib/gcc/arm-none-eabi/10.3.1/../../../../arm-none-eabi/lib/thumb/v7e-m+fp/hard/crt0.o
hciReadPktPool                                    build/hci_tl.o
hciReadPktRxQueue                                 build/hci_tl.o
hci_data_buffer_overflow_event                    build/bluenrg1_events_cb.o
                                                  build/bluenrg1_events.o
hci_data_buffer_overflow_event_process            build/bluenrg1_events.o
hci_disconnect                                    build/bluenrg1_hci_le.o
hci_disconnection_complete_event                  build/bluenrg1_events_cb.o
                                                  build/bluenrg1_events.o
hci_disconnection_complete_event_process          build/bluenrg1_events.o
hci_encryption_change_event                       build/bluenrg1_events_cb.o
                                                  build/bluenrg1_events.o
hci_encryption_change_event_process               build/bluenrg1_events.o
hci_encryption_key_refresh_complete_event         build/bluenrg1_events_cb.o
                                                  build/bluenrg1_events.o
hci_encryption_key_refresh_complete_event_process build/bluenrg1_events.o
hci_events_table                                  build/bluenrg1_events.o
hci_hardware_error_event                          build/bluenrg1_events_cb.o
                                                  build/bluenrg1_events.o
hci_hardware_error_event_process                  build/bluenrg1_events.o
hci_init                                          build/hci_tl.o
hci_le_add_device_to_resolving_list               build/bluenrg1_hci_le.o
hci_le_add_device_to_white_list                   build/bluenrg1_hci_le.o
hci_le_advertising_report_event                   build/bluenrg1_events_cb.o
                                                  build/bluenrg1_events.o
hci_le_advertising_report_event_process           build/bluenrg1_events.o
hci_le_clear_resolving_list                       build/bluenrg1_hci_le.o
hci_le_clear_white_list                           build/bluenrg1_hci_le.o
hci_le_connection_complete_event                  build/bluenrg1_events_cb.o
                                                  build/bluenrg1_events.o
hci_le_connection_complete_event_process          build/bluenrg1_events.o
hci_le_connection_update                          build/bluenrg1_hci_le.o
hci_le_connection_update_complete_event           build/bluenrg1_events_cb.o
                                                  build/bluenrg1_events.o
hci_le_connection_update_complete_event_process   build/bluenrg1_events.o
hci_le_create_connection                          build/bluenrg1_hci_le.o
hci_le_create_connection_cancel                   build/bluenrg1_hci_le.o
hci_le_data_length_change_event                   build/bluenrg1_events_cb.o
                                                  build/bluenrg1_events.o
hci_le_data_length_change_event_process           build/bluenrg1_events.o
hci_le_direct_advertising_report_event            build/bluenrg1_events_cb.o
                                                  build/bluenrg1_events.o
hci_le_direct_advertising_report_event_process    build/bluenrg1_events.o
hci_le_encrypt                                    build/bluenrg1_hci_le.o
hci_le_enhanced_connection_complete_event         build/bluenrg1_events_cb.o
                                                  build/bluenrg1_events.o
hci_le_enhanced_connection_complete_event_process build/bluenrg1_events.o
hci_le_generate_dhkey                             build/bluenrg1_hci_le.o
hci_le_generate_dhkey_complete_event              build/bluenrg1_events_cb.o